Component: ARM Compiler 5.06 update 7 (build 960) Tool: armlink [4d3601]

==============================================================================

Section Cross References

    startup_stm32f10x_md.o(RESET) refers to startup_stm32f10x_md.o(STACK) for __initial_sp
    startup_stm32f10x_md.o(RESET) refers to startup_stm32f10x_md.o(.text) for Reset_Handler
    startup_stm32f10x_md.o(RESET) refers to stm32f10x_it.o(i.NMI_Handler) for NMI_Handler
    startup_stm32f10x_md.o(RESET) refers to stm32f10x_it.o(i.HardFault_Handler) for HardFault_Handler
    startup_stm32f10x_md.o(RESET) refers to stm32f10x_it.o(i.MemManage_Handler) for MemManage_Handler
    startup_stm32f10x_md.o(RESET) refers to stm32f10x_it.o(i.BusFault_Handler) for BusFault_Handler
    startup_stm32f10x_md.o(RESET) refers to stm32f10x_it.o(i.UsageFault_Handler) for UsageFault_Handler
    startup_stm32f10x_md.o(RESET) refers to stm32f10x_it.o(i.SVC_Handler) for SVC_Handler
    startup_stm32f10x_md.o(RESET) refers to stm32f10x_it.o(i.DebugMon_Handler) for DebugMon_Handler
    startup_stm32f10x_md.o(RESET) refers to stm32f10x_it.o(i.PendSV_Handler) for PendSV_Handler
    startup_stm32f10x_md.o(RESET) refers to stm32f10x_it.o(i.SysTick_Handler) for SysTick_Handler
    startup_stm32f10x_md.o(RESET) refers to stm32f103_wegui_uart_port.o(i.USART2_IRQHandler) for USART2_IRQHandler
    startup_stm32f10x_md.o(.text) refers to system_stm32f10x.o(i.SystemInit) for SystemInit
    startup_stm32f10x_md.o(.text) refers to entry.o(.ARM.Collect$$$$00000000) for __main
    stm32f10x_adc.o(i.ADC_DeInit) refers to stm32f10x_rcc.o(i.RCC_APB2PeriphResetCmd) for RCC_APB2PeriphResetCmd
    stm32f10x_bkp.o(i.BKP_DeInit) refers to stm32f10x_rcc.o(i.RCC_BackupResetCmd) for RCC_BackupResetCmd
    stm32f10x_can.o(i.CAN_DeInit) refers to stm32f10x_rcc.o(i.RCC_APB1PeriphResetCmd) for RCC_APB1PeriphResetCmd
    stm32f10x_can.o(i.CAN_GetITStatus) refers to stm32f10x_can.o(i.CheckITStatus) for CheckITStatus
    stm32f10x_cec.o(i.CEC_DeInit) refers to stm32f10x_rcc.o(i.RCC_APB1PeriphResetCmd) for RCC_APB1PeriphResetCmd
    stm32f10x_dac.o(i.DAC_DeInit) refers to stm32f10x_rcc.o(i.RCC_APB1PeriphResetCmd) for RCC_APB1PeriphResetCmd
    stm32f10x_flash.o(i.FLASH_EnableWriteProtection) refers to stm32f10x_flash.o(i.FLASH_WaitForLastOperation) for FLASH_WaitForLastOperation
    stm32f10x_flash.o(i.FLASH_EraseAllBank1Pages) refers to stm32f10x_flash.o(i.FLASH_WaitForLastBank1Operation) for FLASH_WaitForLastBank1Operation
    stm32f10x_flash.o(i.FLASH_EraseAllPages) refers to stm32f10x_flash.o(i.FLASH_WaitForLastOperation) for FLASH_WaitForLastOperation
    stm32f10x_flash.o(i.FLASH_EraseOptionBytes) refers to stm32f10x_flash.o(i.FLASH_GetReadOutProtectionStatus) for FLASH_GetReadOutProtectionStatus
    stm32f10x_flash.o(i.FLASH_EraseOptionBytes) refers to stm32f10x_flash.o(i.FLASH_WaitForLastOperation) for FLASH_WaitForLastOperation
    stm32f10x_flash.o(i.FLASH_ErasePage) refers to stm32f10x_flash.o(i.FLASH_WaitForLastOperation) for FLASH_WaitForLastOperation
    stm32f10x_flash.o(i.FLASH_ProgramHalfWord) refers to stm32f10x_flash.o(i.FLASH_WaitForLastOperation) for FLASH_WaitForLastOperation
    stm32f10x_flash.o(i.FLASH_ProgramOptionByteData) refers to stm32f10x_flash.o(i.FLASH_WaitForLastOperation) for FLASH_WaitForLastOperation
    stm32f10x_flash.o(i.FLASH_ProgramWord) refers to stm32f10x_flash.o(i.FLASH_WaitForLastOperation) for FLASH_WaitForLastOperation
    stm32f10x_flash.o(i.FLASH_ReadOutProtection) refers to stm32f10x_flash.o(i.FLASH_WaitForLastOperation) for FLASH_WaitForLastOperation
    stm32f10x_flash.o(i.FLASH_UserOptionByteConfig) refers to stm32f10x_flash.o(i.FLASH_WaitForLastOperation) for FLASH_WaitForLastOperation
    stm32f10x_flash.o(i.FLASH_WaitForLastBank1Operation) refers to stm32f10x_flash.o(i.FLASH_GetBank1Status) for FLASH_GetBank1Status
    stm32f10x_flash.o(i.FLASH_WaitForLastOperation) refers to stm32f10x_flash.o(i.FLASH_GetBank1Status) for FLASH_GetBank1Status
    stm32f10x_gpio.o(i.GPIO_AFIODeInit) refers to stm32f10x_rcc.o(i.RCC_APB2PeriphResetCmd) for RCC_APB2PeriphResetCmd
    stm32f10x_gpio.o(i.GPIO_DeInit) refers to stm32f10x_rcc.o(i.RCC_APB2PeriphResetCmd) for RCC_APB2PeriphResetCmd
    stm32f10x_i2c.o(i.I2C_DeInit) refers to stm32f10x_rcc.o(i.RCC_APB1PeriphResetCmd) for RCC_APB1PeriphResetCmd
    stm32f10x_i2c.o(i.I2C_Init) refers to stm32f10x_rcc.o(i.RCC_GetClocksFreq) for RCC_GetClocksFreq
    stm32f10x_pwr.o(i.PWR_DeInit) refers to stm32f10x_rcc.o(i.RCC_APB1PeriphResetCmd) for RCC_APB1PeriphResetCmd
    stm32f10x_rcc.o(i.RCC_GetClocksFreq) refers to stm32f10x_rcc.o(.data) for .data
    stm32f10x_rcc.o(i.RCC_WaitForHSEStartUp) refers to stm32f10x_rcc.o(i.RCC_GetFlagStatus) for RCC_GetFlagStatus
    stm32f10x_rtc.o(i.RTC_SetAlarm) refers to stm32f10x_rtc.o(i.RTC_EnterConfigMode) for RTC_EnterConfigMode
    stm32f10x_rtc.o(i.RTC_SetAlarm) refers to stm32f10x_rtc.o(i.RTC_ExitConfigMode) for RTC_ExitConfigMode
[...]
    Removing stm32f10x_fsmc.o(i.FSMC_GetITStatus), (48 bytes).
    Removing stm32f10x_fsmc.o(i.FSMC_ITConfig), (72 bytes).
    Removing stm32f10x_fsmc.o(i.FSMC_NANDCmd), (56 bytes).
    Removing stm32f10x_fsmc.o(i.FSMC_NANDDeInit), (40 bytes).
    Removing stm32f10x_fsmc.o(i.FSMC_NANDECCCmd), (56 bytes).
    Removing stm32f10x_fsmc.o(i.FSMC_NANDInit), (104 bytes).
    Removing stm32f10x_fsmc.o(i.FSMC_NANDStructInit), (54 bytes).
    Removing stm32f10x_fsmc.o(i.FSMC_NORSRAMCmd), (32 bytes).
    Removing stm32f10x_fsmc.o(i.FSMC_NORSRAMDeInit), (40 bytes).
    Removing stm32f10x_fsmc.o(i.FSMC_NORSRAMInit), (200 bytes).
    Removing stm32f10x_fsmc.o(i.FSMC_NORSRAMStructInit), (98 bytes).
    Removing stm32f10x_fsmc.o(i.FSMC_PCCARDCmd), (32 bytes).
    Removing stm32f10x_fsmc.o(i.FSMC_PCCARDDeInit), (26 bytes).
    Removing stm32f10x_fsmc.o(i.FSMC_PCCARDInit), (102 bytes).
    Removing stm32f10x_fsmc.o(i.FSMC_PCCARDStructInit), (60 bytes).
    Removing stm32f10x_gpio.o(i.GPIO_AFIODeInit), (22 bytes).
    Removing stm32f10x_gpio.o(i.GPIO_DeInit), (180 bytes).
    Removing stm32f10x_gpio.o(i.GPIO_ETH_MediaInterfaceConfig), (12 bytes).
    Removing stm32f10x_gpio.o(i.GPIO_EXTILineConfig), (40 bytes).
    Removing stm32f10x_gpio.o(i.GPIO_EventOutputCmd), (12 bytes).
    Removing stm32f10x_gpio.o(i.GPIO_EventOutputConfig), (28 bytes).
    Removing stm32f10x_gpio.o(i.GPIO_PinLockConfig), (16 bytes).
    Removing stm32f10x_gpio.o(i.GPIO_ReadInputData), (6 bytes).
    Removing stm32f10x_gpio.o(i.GPIO_ReadInputDataBit), (14 bytes).
    Removing stm32f10x_gpio.o(i.GPIO_ReadOutputData), (6 bytes).
    Removing stm32f10x_gpio.o(i.GPIO_StructInit), (16 bytes).
    Removing stm32f10x_gpio.o(i.GPIO_Write), (4 bytes).
    Removing stm32f10x_gpio.o(i.GPIO_WriteBit), (10 bytes).
    Removing stm32f10x_i2c.o(i.I2C_ARPCmd), (20 bytes).
    Removing stm32f10x_i2c.o(i.I2C_AcknowledgeConfig), (20 bytes).
    Removing stm32f10x_i2c.o(i.I2C_CalculatePEC), (20 bytes).
    Removing stm32f10x_i2c.o(i.I2C_CheckEvent), (24 bytes).
    Removing stm32f10x_i2c.o(i.I2C_ClearFlag), (6 bytes).
    Removing stm32f10x_i2c.o(i.I2C_ClearITPendingBit), (6 bytes).
    Removing stm32f10x_i2c.o(i.I2C_Cmd), (20 bytes).
    Removing stm32f10x_i2c.o(i.I2C_DMACmd), (20 bytes).
    Removing stm32f10x_i2c.o(i.I2C_DMALastTransferCmd), (20 bytes).
    Removing stm32f10x_i2c.o(i.I2C_DeInit), (44 bytes).
    Removing stm32f10x_i2c.o(i.I2C_DualAddressCmd), (20 bytes).
    Removing stm32f10x_i2c.o(i.I2C_FastModeDutyCycleConfig), (22 bytes).
    Removing stm32f10x_i2c.o(i.I2C_GeneralCallCmd), (20 bytes).
    Removing stm32f10x_i2c.o(i.I2C_GenerateSTART), (20 bytes).
    Removing stm32f10x_i2c.o(i.I2C_GenerateSTOP), (20 bytes).
    Removing stm32f10x_i2c.o(i.I2C_GetFlagStatus), (42 bytes).
    Removing stm32f10x_i2c.o(i.I2C_GetITStatus), (36 bytes).
    Removing stm32f10x_i2c.o(i.I2C_GetLastEvent), (14 bytes).
    Removing stm32f10x_i2c.o(i.I2C_GetPEC), (6 bytes).
    Removing stm32f10x_i2c.o(i.I2C_ITConfig), (16 bytes).
    Removing stm32f10x_i2c.o(i.I2C_Init), (188 bytes).
    Removing stm32f10x_i2c.o(i.I2C_NACKPositionConfig), (22 bytes).
    Removing stm32f10x_i2c.o(i.I2C_OwnAddress2Config), (16 bytes).
    Removing stm32f10x_i2c.o(i.I2C_PECPositionConfig), (22 bytes).
    Removing stm32f10x_i2c.o(i.I2C_ReadRegister), (10 bytes).
    Removing stm32f10x_i2c.o(i.I2C_ReceiveData), (6 bytes).
    Removing stm32f10x_i2c.o(i.I2C_SMBusAlertConfig), (22 bytes).
    Removing stm32f10x_i2c.o(i.I2C_Send7bitAddress), (16 bytes).
    Removing stm32f10x_i2c.o(i.I2C_SendData), (4 bytes).
    Removing stm32f10x_i2c.o(i.I2C_SoftwareResetCmd), (20 bytes).
    Removing stm32f10x_i2c.o(i.I2C_StretchClockCmd), (20 bytes).
    Removing stm32f10x_i2c.o(i.I2C_StructInit), (28 bytes).
    Removing stm32f10x_i2c.o(i.I2C_TransmitPEC), (20 bytes).
    Removing stm32f10x_iwdg.o(i.IWDG_Enable), (16 bytes).
    Removing stm32f10x_iwdg.o(i.IWDG_GetFlagStatus), (20 bytes).
    Removing stm32f10x_iwdg.o(i.IWDG_ReloadCounter), (16 bytes).
    Removing stm32f10x_iwdg.o(i.IWDG_SetPrescaler), (12 bytes).
    Removing stm32f10x_iwdg.o(i.IWDG_SetReload), (12 bytes).
    Removing stm32f10x_iwdg.o(i.IWDG_WriteAccessCmd), (12 bytes).
    Removing stm32f10x_pwr.o(i.PWR_BackupAccessCmd), (12 bytes).
    Removing stm32f10x_pwr.o(i.PWR_ClearFlag), (16 bytes).
    Removing stm32f10x_pwr.o(i.PWR_DeInit), (24 bytes).
    Removing stm32f10x_pwr.o(i.PWR_EnterSTANDBYMode), (32 bytes).
    Removing stm32f10x_pwr.o(i.PWR_EnterSTOPMode), (52 bytes).
    Removing stm32f10x_pwr.o(i.PWR_GetFlagStatus), (20 bytes).
    Removing stm32f10x_pwr.o(i.PWR_PVDCmd), (12 bytes).
    Removing stm32f10x_pwr.o(i.PWR_PVDLevelConfig), (20 bytes).
    Removing stm32f10x_pwr.o(i.PWR_WakeUpPinCmd), (12 bytes).
    Removing stm32f10x_rcc.o(i.RCC_AHBPeriphClockCmd), (24 bytes).
    Removing stm32f10x_rcc.o(i.RCC_APB1PeriphClockCmd), (24 bytes).
    Removing stm32f10x_rcc.o(i.RCC_APB1PeriphResetCmd), (24 bytes).
    Removing stm32f10x_rcc.o(i.RCC_APB2PeriphResetCmd), (24 bytes).
    Removing stm32f10x_rcc.o(i.RCC_AdjustHSICalibrationValue), (20 bytes).
    Removing stm32f10x_rcc.o(i.RCC_BackupResetCmd), (12 bytes).
    Removing stm32f10x_rcc.o(i.RCC_ClearFlag), (16 bytes).
    Removing stm32f10x_rcc.o(i.RCC_ClearITPendingBit), (12 bytes).
    Removing stm32f10x_rcc.o(i.RCC_ClockSecuritySystemCmd), (12 bytes).
    Removing stm32f10x_rcc.o(i.RCC_DeInit), (64 bytes).
    Removing stm32f10x_rcc.o(i.RCC_GetClocksFreq), (144 bytes).
    Removing stm32f10x_rcc.o(i.RCC_GetFlagStatus), (48 bytes).
    Removing stm32f10x_rcc.o(i.RCC_GetITStatus), (20 bytes).
    Removing stm32f10x_rcc.o(i.RCC_GetSYSCLKSource), (16 bytes).
    Removing stm32f10x_rcc.o(i.RCC_HCLKConfig), (20 bytes).
    Removing stm32f10x_rcc.o(i.RCC_HSEConfig), (52 bytes).
    Removing stm32f10x_rcc.o(i.RCC_HSICmd), (12 bytes).
    Removing stm32f10x_rcc.o(i.RCC_ITConfig), (24 bytes).
    Removing stm32f10x_rcc.o(i.RCC_LSEConfig), (32 bytes).
    Removing stm32f10x_rcc.o(i.RCC_LSICmd), (12 bytes).
    Removing stm32f10x_rcc.o(i.RCC_MCOConfig), (12 bytes).
    Removing stm32f10x_rcc.o(i.RCC_PCLK1Config), (20 bytes).
    Removing stm32f10x_rcc.o(i.RCC_PCLK2Config), (20 bytes).
    Removing stm32f10x_rcc.o(i.RCC_PLLCmd), (12 bytes).
    Removing stm32f10x_rcc.o(i.RCC_PLLConfig), (20 bytes).
    Removing stm32f10x_rcc.o(i.RCC_RTCCLKCmd), (12 bytes).
    Removing stm32f10x_rcc.o(i.RCC_RTCCLKConfig), (16 bytes).
    Removing stm32f10x_rcc.o(i.RCC_SYSCLKConfig), (20 bytes).
    Removing stm32f10x_rcc.o(i.RCC_USBCLKConfig), (12 bytes).
    Removing stm32f10x_rcc.o(i.RCC_WaitForHSEStartUp), (44 bytes).
    Removing stm32f10x_rcc.o(.data), (20 bytes).
    Removing stm32f10x_rtc.o(i.RTC_ClearFlag), (16 bytes).
    Removing stm32f10x_rtc.o(i.RTC_ClearITPendingBit), (16 bytes).
    Removing stm32f10x_rtc.o(i.RTC_EnterConfigMode), (16 bytes).
    Removing stm32f10x_rtc.o(i.RTC_ExitConfigMode), (16 bytes).
    Removing stm32f10x_rtc.o(i.RTC_GetCounter), (32 bytes).
    Removing stm32f10x_rtc.o(i.RTC_GetDivider), (24 bytes).
    Removing stm32f10x_rtc.o(i.RTC_GetFlagStatus), (20 bytes).
    Removing stm32f10x_rtc.o(i.RTC_GetITStatus), (32 bytes).
    Removing stm32f10x_rtc.o(i.RTC_ITConfig), (24 bytes).
    Removing stm32f10x_rtc.o(i.RTC_SetAlarm), (32 bytes).
    Removing stm32f10x_rtc.o(i.RTC_SetCounter), (32 bytes).
    Removing stm32f10x_rtc.o(i.RTC_SetPrescaler), (32 bytes).
    Removing stm32f10x_rtc.o(i.RTC_WaitForLastTask), (16 bytes).
    Removing stm32f10x_rtc.o(i.RTC_WaitForSynchro), (24 bytes).
    Removing stm32f10x_sdio.o(i.SDIO_CEATAITCmd), (16 bytes).
    Removing stm32f10x_sdio.o(i.SDIO_ClearFlag), (12 bytes).
    Removing stm32f10x_sdio.o(i.SDIO_ClearITPendingBit), (12 bytes).
    Removing stm32f10x_sdio.o(i.SDIO_ClockCmd), (12 bytes).
    Removing stm32f10x_sdio.o(i.SDIO_CmdStructInit), (14 bytes).
    Removing stm32f10x_sdio.o(i.SDIO_CommandCompletionCmd), (12 bytes).
    Removing stm32f10x_sdio.o(i.SDIO_DMACmd), (12 bytes).
    Removing stm32f10x_sdio.o(i.SDIO_DataConfig), (44 bytes).
    Removing stm32f10x_sdio.o(i.SDIO_DataStructInit), (20 bytes).
    Removing stm32f10x_sdio.o(i.SDIO_DeInit), (36 bytes).
    Removing stm32f10x_sdio.o(i.SDIO_GetCommandResponse), (12 bytes).
    Removing stm32f10x_sdio.o(i.SDIO_GetDataCounter), (12 bytes).
    Removing stm32f10x_sdio.o(i.SDIO_GetFIFOCount), (12 bytes).
    Removing stm32f10x_sdio.o(i.SDIO_GetFlagStatus), (20 bytes).
    Removing stm32f10x_sdio.o(i.SDIO_GetITStatus), (20 bytes).
    Removing stm32f10x_sdio.o(i.SDIO_GetPowerState), (16 bytes).
    Removing stm32f10x_sdio.o(i.SDIO_GetResponse), (16 bytes).
    Removing stm32f10x_sdio.o(i.SDIO_ITConfig), (24 bytes).
    Removing stm32f10x_sdio.o(i.SDIO_Init), (44 bytes).
    Removing stm32f10x_sdio.o(i.SDIO_ReadData), (12 bytes).
    Removing stm32f10x_sdio.o(i.SDIO_SendCEATACmd), (12 bytes).
    Removing stm32f10x_sdio.o(i.SDIO_SendCommand), (40 bytes).
    Removing stm32f10x_sdio.o(i.SDIO_SendSDIOSuspendCmd), (12 bytes).
    Removing stm32f10x_sdio.o(i.SDIO_SetPowerState), (12 bytes).
    Removing stm32f10x_sdio.o(i.SDIO_SetSDIOOperation), (12 bytes).
    Removing stm32f10x_sdio.o(i.SDIO_SetSDIOReadWaitMode), (12 bytes).
    Removing stm32f10x_sdio.o(i.SDIO_StartSDIOReadWait), (12 bytes).
    Removing stm32f10x_sdio.o(i.SDIO_StopSDIOReadWait), (12 bytes).
    Removing stm32f10x_sdio.o(i.SDIO_StructInit), (16 bytes).
    Removing stm32f10x_sdio.o(i.SDIO_WriteData), (12 bytes).
    Removing stm32f10x_tim.o(i.TI1_Config), (108 bytes).
    Removing stm32f10x_tim.o(i.TI2_Config), (124 bytes).
    Removing stm32f10x_tim.o(i.TIM_ARRPreloadConfig), (20 bytes).
    Removing stm32f10x_tim.o(i.TIM_BDTRConfig), (34 bytes).
    Removing stm32f10x_tim.o(i.TIM_BDTRStructInit), (18 bytes).
    Removing stm32f10x_tim.o(i.TIM_CCPreloadControl), (20 bytes).
    Removing stm32f10x_tim.o(i.TIM_CCxCmd), (22 bytes).
    Removing stm32f10x_tim.o(i.TIM_CCxNCmd), (22 bytes).
    Removing stm32f10x_tim.o(i.TIM_ClearFlag), (6 bytes).
    Removing stm32f10x_tim.o(i.TIM_ClearITPendingBit), (6 bytes).
    Removing stm32f10x_tim.o(i.TIM_ClearOC1Ref), (12 bytes).
    Removing stm32f10x_tim.o(i.TIM_ClearOC2Ref), (20 bytes).
    Removing stm32f10x_tim.o(i.TIM_ClearOC3Ref), (12 bytes).
    Removing stm32f10x_tim.o(i.TIM_ClearOC4Ref), (20 bytes).
    Removing stm32f10x_tim.o(i.TIM_Cmd), (20 bytes).
    Removing stm32f10x_tim.o(i.TIM_CounterModeConfig), (12 bytes).
    Removing stm32f10x_tim.o(i.TIM_CtrlPWMOutputs), (22 bytes).
    Removing stm32f10x_tim.o(i.TIM_DMACmd), (16 bytes).
    Removing stm32f10x_tim.o(i.TIM_DMAConfig), (8 bytes).
    Removing stm32f10x_tim.o(i.TIM_DeInit), (368 bytes).
    Removing stm32f10x_tim.o(i.TIM_ETRClockMode1Config), (18 bytes).
    Removing stm32f10x_tim.o(i.TIM_ETRClockMode2Config), (18 bytes).
    Removing stm32f10x_tim.o(i.TIM_ETRConfig), (24 bytes).
    Removing stm32f10x_tim.o(i.TIM_EncoderInterfaceConfig), (50 bytes).
    Removing stm32f10x_tim.o(i.TIM_ForcedOC1Config), (12 bytes).
    Removing stm32f10x_tim.o(i.TIM_ForcedOC2Config), (20 bytes).
    Removing stm32f10x_tim.o(i.TIM_ForcedOC3Config), (12 bytes).
    Removing stm32f10x_tim.o(i.TIM_ForcedOC4Config), (20 bytes).
    Removing stm32f10x_tim.o(i.TIM_GenerateEvent), (4 bytes).
    Removing stm32f10x_tim.o(i.TIM_GetCapture1), (4 bytes).
    Removing stm32f10x_tim.o(i.TIM_GetCapture2), (4 bytes).
    Removing stm32f10x_tim.o(i.TIM_GetCapture3), (4 bytes).
    Removing stm32f10x_tim.o(i.TIM_GetCapture4), (6 bytes).
    Removing stm32f10x_tim.o(i.TIM_GetCounter), (4 bytes).
    Removing stm32f10x_tim.o(i.TIM_GetFlagStatus), (14 bytes).
    Removing stm32f10x_tim.o(i.TIM_GetITStatus), (24 bytes).
    Removing stm32f10x_tim.o(i.TIM_GetPrescaler), (4 bytes).
    Removing stm32f10x_tim.o(i.TIM_ICInit), (300 bytes).
    Removing stm32f10x_tim.o(i.TIM_ICStructInit), (16 bytes).
    Removing stm32f10x_tim.o(i.TIM_ITConfig), (16 bytes).
    Removing stm32f10x_tim.o(i.TIM_ITRxExternalClockConfig), (18 bytes).
    Removing stm32f10x_tim.o(i.TIM_InternalClockConfig), (10 bytes).
    Removing stm32f10x_tim.o(i.TIM_OC1FastConfig), (12 bytes).
    Removing stm32f10x_tim.o(i.TIM_OC1Init), (128 bytes).
    Removing stm32f10x_tim.o(i.TIM_OC1NPolarityConfig), (12 bytes).
    Removing stm32f10x_tim.o(i.TIM_OC1PolarityConfig), (12 bytes).
    Removing stm32f10x_tim.o(i.TIM_OC1PreloadConfig), (12 bytes).
    Removing stm32f10x_tim.o(i.TIM_OC2FastConfig), (20 bytes).
    Removing stm32f10x_tim.o(i.TIM_OC2Init), (128 bytes).
    Removing stm32f10x_tim.o(i.TIM_OC2NPolarityConfig), (20 bytes).
    Removing stm32f10x_tim.o(i.TIM_OC2PolarityConfig), (20 bytes).
    Removing stm32f10x_tim.o(i.TIM_OC2PreloadConfig), (20 bytes).
    Removing stm32f10x_tim.o(i.TIM_OC3FastConfig), (12 bytes).
    Removing stm32f10x_tim.o(i.TIM_OC3Init), (124 bytes).
    Removing stm32f10x_tim.o(i.TIM_OC3NPolarityConfig), (20 bytes).
    Removing stm32f10x_tim.o(i.TIM_OC3PolarityConfig), (20 bytes).
    Removing stm32f10x_tim.o(i.TIM_OC3PreloadConfig), (12 bytes).
    Removing stm32f10x_tim.o(i.TIM_OC4FastConfig), (20 bytes).
    Removing stm32f10x_tim.o(i.TIM_OC4Init), (100 bytes).
    Removing stm32f10x_tim.o(i.TIM_OC4PolarityConfig), (20 bytes).
    Removing stm32f10x_tim.o(i.TIM_OC4PreloadConfig), (20 bytes).
    Removing stm32f10x_tim.o(i.TIM_OCStructInit), (20 bytes).
    Removing stm32f10x_tim.o(i.TIM_PWMIConfig), (108 bytes).
    Removing stm32f10x_tim.o(i.TIM_PrescalerConfig), (6 bytes).
    Removing stm32f10x_tim.o(i.TIM_SelectCCDMA), (20 bytes).
    Removing stm32f10x_tim.o(i.TIM_SelectCOM), (20 bytes).
    Removing stm32f10x_tim.o(i.TIM_SelectHallSensor), (20 bytes).
    Removing stm32f10x_tim.o(i.TIM_SelectInputTrigger), (12 bytes).
    Removing stm32f10x_tim.o(i.TIM_SelectMasterSlaveMode), (16 bytes).
    Removing stm32f10x_tim.o(i.TIM_SelectOCxM), (70 bytes).
    Removing stm32f10x_tim.o(i.TIM_SelectOnePulseMode), (16 bytes).
    Removing stm32f10x_tim.o(i.TIM_SelectOutputTrigger), (16 bytes).
    Removing stm32f10x_tim.o(i.TIM_SelectSlaveMode), (16 bytes).
    Removing stm32f10x_tim.o(i.TIM_SetAutoreload), (4 bytes).
    Removing stm32f10x_tim.o(i.TIM_SetClockDivision), (16 bytes).
    Removing stm32f10x_tim.o(i.TIM_SetCompare1), (4 bytes).
    Removing stm32f10x_tim.o(i.TIM_SetCompare2), (4 bytes).
    Removing stm32f10x_tim.o(i.TIM_SetCompare3), (4 bytes).
    Removing stm32f10x_tim.o(i.TIM_SetCompare4), (6 bytes).
    Removing stm32f10x_tim.o(i.TIM_SetCounter), (4 bytes).
    Removing stm32f10x_tim.o(i.TIM_SetIC1Prescaler), (16 bytes).
    Removing stm32f10x_tim.o(i.TIM_SetIC2Prescaler), (24 bytes).
    Removing stm32f10x_tim.o(i.TIM_SetIC3Prescaler), (16 bytes).
    Removing stm32f10x_tim.o(i.TIM_SetIC4Prescaler), (24 bytes).
    Removing stm32f10x_tim.o(i.TIM_TIxExternalClockConfig), (46 bytes).
    Removing stm32f10x_tim.o(i.TIM_TimeBaseInit), (156 bytes).
    Removing stm32f10x_tim.o(i.TIM_TimeBaseStructInit), (18 bytes).
    Removing stm32f10x_tim.o(i.TIM_UpdateDisableConfig), (20 bytes).
    Removing stm32f10x_tim.o(i.TIM_UpdateRequestConfig), (20 bytes).
    Removing stm32f10x_spi.o(i.I2S_Cmd), (20 bytes).
    Removing stm32f10x_spi.o(i.I2S_Init), (152 bytes).
    Removing stm32f10x_spi.o(i.I2S_StructInit), (18 bytes).
    Removing stm32f10x_spi.o(i.SPI_BiDirectionalLineConfig), (22 bytes).
    Removing stm32f10x_spi.o(i.SPI_CalculateCRC), (20 bytes).
    Removing stm32f10x_spi.o(i.SPI_Cmd), (20 bytes).
    Removing stm32f10x_spi.o(i.SPI_DataSizeConfig), (16 bytes).
    Removing stm32f10x_spi.o(i.SPI_GetCRC), (12 bytes).
    Removing stm32f10x_spi.o(i.SPI_GetCRCPolynomial), (4 bytes).
    Removing stm32f10x_spi.o(i.SPI_I2S_ClearFlag), (6 bytes).
    Removing stm32f10x_spi.o(i.SPI_I2S_ClearITPendingBit), (14 bytes).
    Removing stm32f10x_spi.o(i.SPI_I2S_DMACmd), (16 bytes).
    Removing stm32f10x_spi.o(i.SPI_I2S_DeInit), (84 bytes).
    Removing stm32f10x_spi.o(i.SPI_I2S_GetFlagStatus), (14 bytes).
    Removing stm32f10x_spi.o(i.SPI_I2S_GetITStatus), (42 bytes).
    Removing stm32f10x_spi.o(i.SPI_I2S_ITConfig), (24 bytes).
    Removing stm32f10x_spi.o(i.SPI_I2S_ReceiveData), (4 bytes).
    Removing stm32f10x_spi.o(i.SPI_I2S_SendData), (4 bytes).
    Removing stm32f10x_spi.o(i.SPI_Init), (56 bytes).
    Removing stm32f10x_spi.o(i.SPI_NSSInternalSoftwareConfig), (24 bytes).
    Removing stm32f10x_spi.o(i.SPI_SSOutputCmd), (20 bytes).
    Removing stm32f10x_spi.o(i.SPI_StructInit), (24 bytes).
    Removing stm32f10x_spi.o(i.SPI_TransmitCRC), (10 bytes).
    Removing stm32f10x_wwdg.o(i.WWDG_ClearFlag), (12 bytes).
    Removing stm32f10x_wwdg.o(i.WWDG_DeInit), (24 bytes).
    Removing stm32f10x_wwdg.o(i.WWDG_Enable), (16 bytes).
    Removing stm32f10x_wwdg.o(i.WWDG_EnableIT), (16 bytes).
    Removing stm32f10x_wwdg.o(i.WWDG_GetFlagStatus), (12 bytes).
    Removing stm32f10x_wwdg.o(i.WWDG_SetCounter), (16 bytes).
    Removing stm32f10x_wwdg.o(i.WWDG_SetPrescaler), (20 bytes).
    Removing stm32f10x_wwdg.o(i.WWDG_SetWindowValue), (28 bytes).
    Removing stm32f10x_usart.o(i.USART_ClearFlag), (6 bytes).
    Removing stm32f10x_usart.o(i.USART_ClearITPendingBit), (12 bytes).
    Removing stm32f10x_usart.o(i.USART_ClockInit), (30 bytes).
    Removing stm32f10x_usart.o(i.USART_ClockStructInit), (12 bytes).
    Removing stm32f10x_usart.o(i.USART_Cmd), (20 bytes).
    Removing stm32f10x_usart.o(i.USART_DMACmd), (16 bytes).
    Removing stm32f10x_usart.o(i.USART_DeInit), (116 bytes).
    Removing stm32f10x_usart.o(i.USART_GetFlagStatus), (14 bytes).
    Removing stm32f10x_usart.o(i.USART_HalfDuplexCmd), (20 bytes).
    Removing stm32f10x_usart.o(i.USART_ITConfig), (48 bytes).
    Removing stm32f10x_usart.o(i.USART_Init), (172 bytes).
    Removing stm32f10x_usart.o(i.USART_IrDACmd), (20 bytes).
    Removing stm32f10x_usart.o(i.USART_IrDAConfig), (16 bytes).
    Removing stm32f10x_usart.o(i.USART_LINBreakDetectLengthConfig), (16 bytes).
    Removing stm32f10x_usart.o(i.USART_LINCmd), (20 bytes).
    Removing stm32f10x_usart.o(i.USART_OneBitMethodCmd), (20 bytes).
    Removing stm32f10x_usart.o(i.USART_OverSampling8Cmd), (20 bytes).
    Removing stm32f10x_usart.o(i.USART_ReceiverWakeUpCmd), (20 bytes).
    Removing stm32f10x_usart.o(i.USART_SendBreak), (10 bytes).
    Removing stm32f10x_usart.o(i.USART_SendData), (8 bytes).
    Removing stm32f10x_usart.o(i.USART_SetAddress), (16 bytes).
    Removing stm32f10x_usart.o(i.USART_SetGuardTime), (16 bytes).
    Removing stm32f10x_usart.o(i.USART_SetPrescaler), (16 bytes).
    Removing stm32f10x_usart.o(i.USART_SmartCardCmd), (20 bytes).
    Removing stm32f10x_usart.o(i.USART_SmartCardNACKCmd), (20 bytes).
    Removing stm32f10x_usart.o(i.USART_StructInit), (22 bytes).
    Removing stm32f10x_usart.o(i.USART_WakeUpConfig), (16 bytes).
    Removing system_stm32f10x.o(i.SystemCoreClockUpdate), (100 bytes).
    Removing stm32f103_lcd_soft_iic_port.o(i.LCD_delay_ms), (38 bytes).
    Removing stm32f103_wegui_4key_port.o(i.Key_par_Init), (10 bytes).
    Removing stm32f103_wegui_4key_port.o(i.Keysw_det), (154 bytes).
    Removing stm32f103_wegui_4key_port.o(i.Wegui_4key_port_Init), (172 bytes).
    Removing stm32f103_wegui_4key_port.o(i.Wegui_Interface_stick), (34 bytes).
    Removing stm32f103_wegui_4key_port.o(i.Wegui_Key_Down), (136 bytes).
    Removing stm32f103_wegui_4key_port.o(i.Wegui_Key_Left), (140 bytes).
    Removing stm32f103_wegui_4key_port.o(i.Wegui_Key_Right), (152 bytes).
    Removing stm32f103_wegui_4key_port.o(i.Wegui_Key_Up), (148 bytes).
    Removing stm32f103_wegui_4key_port.o(.data), (24 bytes).
    Removing stm32f103_wegui_uart_port.o(i.Get_rxRing_len), (12 bytes).
    Removing stm32f103_wegui_uart_port.o(i.Read_rxRing_buff), (36 bytes).
    Removing stm32f103_wegui_uart_port.o(i.Wegui_UartSend_1Dat), (36 bytes).
    Removing stm32f103_wegui_uart_port.o(i.Wegui_UartSend_nDat), (26 bytes).
    Removing stm32f103_wegui_uart_port.o(i.Wegui_Uart_Port_Init), (188 bytes).
    Removing stm32f103_wegui_uart_port.o(i.Wegui_uart_rx_default_func), (980 bytes).
    Removing stm32f103_wegui_uart_port.o(i.Wegui_uart_rx_stick), (76 bytes).
    Removing stm32f103_wegui_uart_port.o(i.fputc), (36 bytes).
    Removing stm32f103_wegui_uart_port.o(i.rxRing_par_Init), (16 bytes).
    Removing lcd_driver.o(i.OLED_Clear_Box), (300 bytes).
    Removing lcd_driver.o(i.OLED_Get_UTF8_XLen), (140 bytes).
    Removing lcd_driver.o(i.OLED_Get_UTF8_YLine), (72 bytes).
    Removing sh1106.o(i.SH1106_Clear), (42 bytes).
    Removing sh1106.o(i.SH1106_Init), (172 bytes).
    Removing sh1106.o(i.SH1106_Set_Address_x), (22 bytes).
    Removing sh1106.o(i.SH1106_Set_Address_x_ypage), (36 bytes).
    Removing sh1106.o(i.SH1106_Set_Address_ypage), (8 bytes).
    Removing sh1107.o(i.SH1107_Clear), (42 bytes).
    Removing sh1107.o(i.SH1107_Init), (166 bytes).
    Removing sh1107.o(i.SH1107_Set_Address_x), (26 bytes).
    Removing sh1107.o(i.SH1107_Set_Address_x_ypage), (36 bytes).
    Removing sh1107.o(i.SH1107_Set_Address_ypage), (8 bytes).
    Removing sh1108.o(i.SH1108_Clear), (42 bytes).
    Removing sh1108.o(i.SH1108_Init), (148 bytes).
    Removing sh1108.o(i.SH1108_Set_Address_x), (26 bytes).
    Removing sh1108.o(i.SH1108_Set_Address_x_ypage), (44 bytes).
    Removing sh1108.o(i.SH1108_Set_Address_ypage), (28 bytes).
    Removing sh1115.o(i.SH1115_Clear), (42 bytes).
    Removing sh1115.o(i.SH1115_Init), (186 bytes).
    Removing sh1115.o(i.SH1115_Set_Address_x), (26 bytes).
    Removing sh1115.o(i.SH1115_Set_Address_x_ypage), (36 bytes).
    Removing sh1115.o(i.SH1115_Set_Address_ypage), (8 bytes).
    Removing ssd1309.o(i.SSD1309_Clear), (42 bytes).
    Removing ssd1309.o(i.SSD1309_Init), (144 bytes).
    Removing ssd1309.o(i.SSD1309_Set_Address_x), (26 bytes).
    Removing ssd1309.o(i.SSD1309_Set_Address_x_ypage), (36 bytes).
    Removing ssd1309.o(i.SSD1309_Set_Address_ypage), (8 bytes).
    Removing ssd1312.o(i.SSD1312_Clear), (42 bytes).
    Removing ssd1312.o(i.SSD1312_Init), (184 bytes).
    Removing ssd1312.o(i.SSD1312_Set_Address_x), (26 bytes).
    Removing ssd1312.o(i.SSD1312_Set_Address_x_ypage), (36 bytes).
    Removing ssd1312.o(i.SSD1312_Set_Address_ypage), (8 bytes).
    Removing ssd1315.o(i.SSD1315_Clear), (42 bytes).
    Removing ssd1315.o(i.SSD1315_Init), (250 bytes).
    Removing ssd1315.o(i.SSD1315_Set_Address_x), (26 bytes).
    Removing ssd1315.o(i.SSD1315_Set_Address_x_ypage), (36 bytes).
    Removing ssd1315.o(i.SSD1315_Set_Address_ypage), (8 bytes).
    Removing ssd1327.o(i.SSD1327_Clear), (34 bytes).
    Removing ssd1327.o(i.SSD1327_Init), (184 bytes).
    Removing ssd1327.o(i.SSD1327_Set_Addr), (48 bytes).
    Removing ssd1327.o(i.SSD1327_Set_Addr_x), (28 bytes).
    Removing ssd1327.o(i.SSD1327_Set_Addr_y), (28 bytes).
    Removing st7735.o(i.ST7735_Clear), (46 bytes).
    Removing st7735.o(i.ST7735_Display_Off), (24 bytes).
    Removing st7735.o(i.ST7735_Display_On), (24 bytes).
    Removing st7735.o(i.ST7735_Idle_Off), (24 bytes).
    Removing st7735.o(i.ST7735_Idle_On), (24 bytes).
    Removing st7735.o(i.ST7735_Init), (424 bytes).
    Removing st7735.o(i.ST7735_Inversion_Off), (24 bytes).
    Removing st7735.o(i.ST7735_Inversion_On), (24 bytes).
    Removing st7735.o(i.ST7735_Partial_Mode_Off), (24 bytes).
    Removing st7735.o(i.ST7735_Partial_Mode_On), (24 bytes).
    Removing st7735.o(i.ST7735_Set_Addr), (120 bytes).
    Removing st7735.o(i.ST7735_Set_RGB444_Mode), (24 bytes).
    Removing st7735.o(i.ST7735_Set_RGB565_Mode), (24 bytes).
    Removing st7735.o(i.ST7735_Set_RGB666_Mode), (24 bytes).
    Removing st7735.o(i.ST7735_Sleep_In), (24 bytes).
    Removing st7735.o(i.ST7735_Sleep_Out), (24 bytes).
    Removing st7735.o(i.ST7735_Soft_Reset), (24 bytes).
    Removing st7735.o(i.ST7735_TE_Line_Off), (24 bytes).
    Removing st7735.o(i.ST7735_TE_Line_On), (24 bytes).
    Removing st7789vw.o(i.ST7789VW_CABC_Control_Init), (24 bytes).
    Removing st7789vw.o(i.ST7789VW_Clear), (46 bytes).
    Removing st7789vw.o(i.ST7789VW_Command_2_Enable_Init), (32 bytes).
    Removing st7789vw.o(i.ST7789VW_Digital_Gamma_Enable), (24 bytes).
    Removing st7789vw.o(i.ST7789VW_Digital_Gamma_Lookup_Table_for_Blue_Init), (2 bytes).
    Removing st7789vw.o(i.ST7789VW_Digital_Gamma_Lookup_Table_for_Red_Init), (2 bytes).
    Removing st7789vw.o(i.ST7789VW_Display_Off), (24 bytes).
    Removing st7789vw.o(i.ST7789VW_Display_On), (24 bytes).
    Removing st7789vw.o(i.ST7789VW_Display_off_power_save_Init), (24 bytes).
    Removing st7789vw.o(i.ST7789VW_Equalize_time_control_Init), (2 bytes).
    Removing st7789vw.o(i.ST7789VW_Frame_Rate_Control_1_Init), (24 bytes).
    Removing st7789vw.o(i.ST7789VW_Frame_Rate_Control_in_Normal_Mode_Init), (24 bytes).
    Removing st7789vw.o(i.ST7789VW_GATECTRL_Gate_Control_Init), (2 bytes).
    Removing st7789vw.o(i.ST7789VW_GCTRL_Gate_Control_Init), (24 bytes).
    Removing st7789vw.o(i.ST7789VW_Gamma_Set_Init), (24 bytes).
    Removing st7789vw.o(i.ST7789VW_Gate_On_Timing_Adjustment_Init), (32 bytes).
    Removing st7789vw.o(i.ST7789VW_Idle_Off), (24 bytes).
    Removing st7789vw.o(i.ST7789VW_Idle_On), (24 bytes).
    Removing st7789vw.o(i.ST7789VW_Init), (112 bytes).
    Removing st7789vw.o(i.ST7789VW_Inversion_Off), (24 bytes).
    Removing st7789vw.o(i.ST7789VW_Inversion_On), (24 bytes).
    Removing st7789vw.o(i.ST7789VW_LCM_Control_Init), (24 bytes).
    Removing st7789vw.o(i.ST7789VW_Memory_Data_Access_Ctrl_Init), (24 bytes).
    Removing st7789vw.o(i.ST7789VW_NVM_Setting_Init), (2 bytes).
    Removing st7789vw.o(i.ST7789VW_Negative_Voltage_Gamma_Control_Init), (36 bytes).
    Removing st7789vw.o(i.ST7789VW_PWM_Frequency_Selection_Init), (24 bytes).
    Removing st7789vw.o(i.ST7789VW_Partial_Area_Set), (32 bytes).
    Removing st7789vw.o(i.ST7789VW_Partial_Control_Init), (24 bytes).
    Removing st7789vw.o(i.ST7789VW_Partial_Mode_Off), (24 bytes).
    Removing st7789vw.o(i.ST7789VW_Partial_Mode_On), (24 bytes).
    Removing st7789vw.o(i.ST7789VW_Porch_Setting_Init), (32 bytes).
    Removing st7789vw.o(i.ST7789VW_Positive_Voltage_Gamma_Control_Init), (32 bytes).
    Removing st7789vw.o(i.ST7789VW_Power_Control_1_Init), (24 bytes).
    Removing st7789vw.o(i.ST7789VW_Power_Control_2_Init), (24 bytes).
    Removing st7789vw.o(i.ST7789VW_Power_Saving_Mode_Init), (24 bytes).
    Removing st7789vw.o(i.ST7789VW_Program_Mode_Control), (24 bytes).
    Removing st7789vw.o(i.ST7789VW_Program_Mode_Disable), (32 bytes).
    Removing st7789vw.o(i.ST7789VW_Program_Mode_Enable), (32 bytes).
    Removing st7789vw.o(i.ST7789VW_RAM_Control), (24 bytes).
    Removing st7789vw.o(i.ST7789VW_RGB_Interface_Control), (24 bytes).
    Removing st7789vw.o(i.ST7789VW_SPI2_Enable_Init), (2 bytes).
    Removing st7789vw.o(i.ST7789VW_Set_Addr), (120 bytes).
    Removing st7789vw.o(i.ST7789VW_Set_RGB444_Mode), (24 bytes).
    Removing st7789vw.o(i.ST7789VW_Set_RGB565_Mode), (24 bytes).
    Removing st7789vw.o(i.ST7789VW_Set_RGB666_Mode), (24 bytes).
    Removing st7789vw.o(i.ST7789VW_Set_RGB888_Mode), (24 bytes).
    Removing st7789vw.o(i.ST7789VW_Set_Tear_Scanline), (24 bytes).
    Removing st7789vw.o(i.ST7789VW_Sleep_In), (24 bytes).
    Removing st7789vw.o(i.ST7789VW_Sleep_Out), (24 bytes).
    Removing st7789vw.o(i.ST7789VW_Soft_Reset), (24 bytes).
    Removing st7789vw.o(i.ST7789VW_TE_Line_Off), (24 bytes).
    Removing st7789vw.o(i.ST7789VW_TE_Line_On), (24 bytes).
    Removing st7789vw.o(i.ST7789VW_VAP_VAN_signal_output_Enable), (24 bytes).
    Removing st7789vw.o(i.ST7789VW_VCOM_Offset_Set_Init), (24 bytes).
    Removing st7789vw.o(i.ST7789VW_VCOM_Setting_Init), (24 bytes).
    Removing st7789vw.o(i.ST7789VW_VDV_Set_Init), (24 bytes).
    Removing st7789vw.o(i.ST7789VW_VDV_and_VRH_Cmd_Enable_Init), (24 bytes).
    Removing st7789vw.o(i.ST7789VW_VRH_Set_Init), (24 bytes).
    Removing st7789vw.o(i.ST7789VW_Vertical_Scroll_Start_Address_of_RAM), (32 bytes).
    Removing st7789vw.o(i.ST7789VW_Vertical_Scrolling_Definition_Set), (2 bytes).
    Removing st7789vw.o(i.ST7789VW_Write_CABC_Minimum_Brightness), (24 bytes).
    Removing st7789vw.o(i.ST7789VW_Write_CTRL_Display), (24 bytes).
    Removing st7789vw.o(i.ST7789VW_Write_Content_daptive_Brightness_Control_and_Color_Enhancement), (24 bytes).
    Removing st7789vw.o(i.ST7789VW_Write_Display_Brightness), (28 bytes).
    Removing st7796s.o(i.ST7796S_Clear), (46 bytes).
    Removing st7796s.o(i.ST7796S_Display_Off), (24 bytes).
    Removing st7796s.o(i.ST7796S_Display_On), (24 bytes).
    Removing st7796s.o(i.ST7796S_Idle_Off), (24 bytes).
    Removing st7796s.o(i.ST7796S_Idle_On), (24 bytes).
    Removing st7796s.o(i.ST7796S_Init), (268 bytes).
    Removing st7796s.o(i.ST7796S_Inversion_Off), (24 bytes).
    Removing st7796s.o(i.ST7796S_Inversion_On), (24 bytes).
    Removing st7796s.o(i.ST7796S_Partial_Mode_Off), (24 bytes).
    Removing st7796s.o(i.ST7796S_Partial_Mode_On), (24 bytes).
    Removing st7796s.o(i.ST7796S_Set_Addr), (124 bytes).
    Removing st7796s.o(i.ST7796S_Set_RGB565_Mode), (24 bytes).
    Removing st7796s.o(i.ST7796S_Set_RGB666_Mode), (24 bytes).
    Removing st7796s.o(i.ST7796S_Set_RGB888_Mode), (24 bytes).
    Removing st7796s.o(i.ST7796S_Sleep_In), (24 bytes).
    Removing st7796s.o(i.ST7796S_Sleep_Out), (24 bytes).
    Removing st7796s.o(i.ST7796S_Soft_Reset), (24 bytes).
    Removing st7796s.o(i.ST7796S_TE_Line_Off), (24 bytes).
    Removing st7796s.o(i.ST7796S_TE_Line_On), (24 bytes).
    Removing lcd_wegui_driver.o(i.Get_submenu_sum), (30 bytes).
    Removing lcd_wegui_driver.o(i.OLED_Wegui_Init), (72 bytes).
    Removing lcd_wegui_driver.o(i.Reflash_CpuLoad), (84 bytes).
    Removing lcd_wegui_driver.o(i.Reflash_fps), (68 bytes).
    Removing lcd_wegui_driver.o(i.Wegui_Hello_Word), (40 bytes).
    Removing lcd_wegui_driver.o(i.Wegui_enter_menu), (200 bytes).
    Removing lcd_wegui_driver.o(i.Wegui_get_string), (8 bytes).
    Removing lcd_wegui_driver.o(i.Wegui_loop_func), (240 bytes).
    Removing lcd_wegui_driver.o(i.Wegui_update_info), (260 bytes).
    Removing lcd_wegui_driver.o(i.itoa), (152 bytes).
    Removing lcd_wegui_driver.o(.bss), (60 bytes).
    Removing lcd_wegui_menu_app.o(i.Set_langauge_Chinese), (16 bytes).
    Removing lcd_wegui_menu_app.o(i.Set_langauge_English), (16 bytes).
    Removing lcd_wegui_menu_app.o(i.Uart_Screen_App_Begin), (44 bytes).
    Removing lcd_wegui_menu_app.o(i.Uart_Screen_App_Loop), (2 bytes).
    Removing lcd_wegui_menu_app.o(i.Uart_Screen_App_Quit), (2 bytes).
    Removing lcd_wegui_menu_app.o(i.Uart_Screen_Refresh), (2 bytes).
    Removing lcd_wegui_menu_app.o(i.m_wDemo_wMessage_ADC_func), (36 bytes).
    Removing lcd_wegui_menu_app.o(i.m_wDemo_wMessage_Pres2_func), (76 bytes).
    Removing lcd_wegui_menu_app.o(i.m_wDemo_wMessage_Pres_func), (36 bytes).
    Removing lcd_wegui_menu_app.o(i.update_Wegui_screen_brightness), (28 bytes).
    Removing lcd_wegui_menu_app.o(.constdata), (40 bytes).
    Removing lcd_wegui_menu_app.o(.conststring), (71 bytes).
    Removing lcd_wegui_menu_app.o(.data), (15 bytes).
    Removing user_wegui_menu.o(.conststring), (21 bytes).
    Removing user_wegui_menu.o(.conststring), (35 bytes).
    Removing user_wegui_menu.o(.conststring), (54 bytes).
    Removing user_wegui_menu.o(.conststring), (58 bytes).
    Removing user_wegui_menu.o(.conststring), (63 bytes).
    Removing user_wegui_menu.o(.conststring), (59 bytes).
    Removing user_wegui_menu.o(.conststring), (38 bytes).
    Removing user_wegui_menu.o(.conststring), (50 bytes).
    Removing user_wegui_menu.o(.conststring), (36 bytes).
    Removing user_wegui_menu.o(.conststring), (36 bytes).
    Removing user_wegui_menu.o(.conststring), (42 bytes).
    Removing user_wegui_menu.o(.conststring), (42 bytes).
    Removing user_wegui_menu.o(.conststring), (42 bytes).
    Removing user_wegui_menu.o(.conststring), (42 bytes).
    Removing user_wegui_menu.o(.conststring), (77 bytes).
    Removing user_wegui_menu.o(.conststring), (14 bytes).
    Removing user_wegui_menu.o(.conststring), (58 bytes).
    Removing user_wegui_menu.o(.conststring), (33 bytes).
    Removing user_wegui_menu.o(.conststring), (33 bytes).
    Removing user_wegui_menu.o(.conststring), (16 bytes).
    Removing user_wegui_menu.o(.conststring), (48 bytes).
    Removing user_wegui_menu.o(.conststring), (38 bytes).
    Removing user_wegui_menu.o(.conststring), (45 bytes).
    Removing user_wegui_menu.o(.conststring), (38 bytes).
    Removing user_wegui_menu.o(.conststring), (47 bytes).
    Removing user_wegui_menu.o(.conststring), (59 bytes).
    Removing user_wegui_menu.o(.conststring), (60 bytes).
    Removing user_wegui_menu.o(.conststring), (36 bytes).
    Removing user_wegui_menu.o(.conststring), (41 bytes).
    Removing user_wegui_menu.o(.conststring), (62 bytes).
    Removing user_wegui_menu.o(.conststring), (41 bytes).
    Removing user_wegui_menu.o(.conststring), (65 bytes).
    Removing user_wegui_menu.o(.conststring), (54 bytes).
    Removing user_wegui_menu.o(.conststring), (56 bytes).
    Removing user_wegui_menu.o(.data), (56 bytes).
    Removing user_wegui_menu.o(.data), (56 bytes).
    Removing user_wegui_menu.o(.data), (56 bytes).
    Removing user_wegui_menu.o(.data), (56 bytes).
    Removing user_wegui_menu.o(.data), (56 bytes).
    Removing user_wegui_menu.o(.data), (56 bytes).
    Removing user_wegui_menu.o(.data), (56 bytes).
    Removing user_wegui_menu.o(.data), (56 bytes).
    Removing user_wegui_menu.o(.data), (56 bytes).
    Removing user_wegui_menu.o(.data), (56 bytes).
    Removing user_wegui_menu.o(.data), (56 bytes).
    Removing user_wegui_menu.o(.data), (56 bytes).
    Removing user_wegui_menu.o(.data), (56 bytes).
    Removing user_wegui_menu.o(.data), (56 bytes).
    Removing user_wegui_menu.o(.data), (56 bytes).
    Removing user_wegui_menu.o(.data), (56 bytes).
    Removing user_wegui_menu.o(.data), (56 bytes).
    Removing user_wegui_menu.o(.data), (56 bytes).
    Removing user_wegui_menu.o(.data), (56 bytes).
    Removing user_wegui_menu.o(.data), (2 bytes).
    Removing user_wegui_menu.o(.data), (56 bytes).
    Removing user_wegui_menu.o(.data), (56 bytes).
    Removing user_wegui_menu.o(.data), (56 bytes).
    Removing user_wegui_menu.o(.data), (56 bytes).
    Removing user_wegui_menu.o(.data), (56 bytes).
    Removing user_wegui_menu.o(.data), (56 bytes).
    Removing user_wegui_menu.o(.data), (56 bytes).
    Removing user_wegui_menu.o(.data), (56 bytes).
    Removing user_wegui_menu.o(.data), (56 bytes).
    Removing user_wegui_menu.o(.data), (56 bytes).
    Removing user_wegui_menu.o(.data), (56 bytes).
    Removing user_wegui_menu.o(.data), (56 bytes).
    Removing user_wegui_menu.o(.data), (56 bytes).
    Removing user_wegui_menu.o(.data), (56 bytes).
    Removing user_wegui_menu.o(.data), (56 bytes).
    Removing lcd_wegui_menu_mlist.o(i.Wegui_mList_Init), (76 bytes).
    Removing lcd_wegui_menu_mlist.o(i.Wegui_mlist_Back_menu), (44 bytes).
    Removing lcd_wegui_menu_mlist.o(i.Wegui_mlist_Enter_cursor), (144 bytes).
    Removing lcd_wegui_menu_mlist.o(i.Wegui_mlist_cursor_Next), (32 bytes).
    Removing lcd_wegui_menu_mlist.o(i.Wegui_mlist_cursor_Prev), (20 bytes).
    Removing lcd_wegui_menu_mlist.o(i.Wegui_show_mList), (1224 bytes).
    Removing lcd_wegui_menu_mlist.o(.bss), (24 bytes).
    Removing lcd_wegui_tip.o(i.Wegui_Push_Message_tip), (124 bytes).
    Removing lcd_wegui_tip.o(i.Wegui_Push_Slider_tip), (160 bytes).
    Removing lcd_wegui_tip.o(i.Wegui_Tip_Quit), (20 bytes).
    Removing lcd_wegui_tip.o(i.Wegui_Tip_Save_andQuit), (48 bytes).
    Removing lcd_wegui_tip.o(i.Wegui_Tip_Value_Add), (56 bytes).
    Removing lcd_wegui_tip.o(i.Wegui_Tip_Value_Dec), (56 bytes).
    Removing lcd_wegui_tip.o(i.Wegui_show_tip), (680 bytes).

727 unused section(s) (total 31483 bytes) removed from the image.

==============================================================================

Image Symbol Table

    Local Symbols

    Symbol Name                              Value     Ov Type        Size  Object(Section)

    ../clib/microlib/init/entry.s            0x00000000   Number         0  entry11a.o ABSOLUTE
    ../clib/microlib/init/entry.s            0x00000000   Number         0  entry11b.o ABSOLUTE
    ../clib/microlib/init/entry.s            0x00000000   Number         0  entry12a.o ABSOLUTE
    ../clib/microlib/init/entry.s            0x00000000   Number         0  entry.o ABSOLUTE
    ../clib/microlib/init/entry.s            0x00000000   Number         0  entry12b.o ABSOLUTE
    ../clib/microlib/init/entry.s            0x00000000   Number         0  entry8b.o ABSOLUTE
    ../clib/microlib/init/entry.s            0x00000000   Number         0  entry2.o ABSOLUTE
    ../clib/microlib/init/entry.s            0x00000000   Number         0  entry5.o ABSOLUTE
    ../clib/microlib/init/entry.s            0x00000000   Number         0  entry7a.o ABSOLUTE
    ../clib/microlib/init/entry.s            0x00000000   Number         0  entry7b.o ABSOLUTE
    ../clib/microlib/init/entry.s            0x00000000   Number         0  entry8a.o ABSOLUTE
    ../clib/microlib/init/entry.s            0x00000000   Number         0  entry9a.o ABSOLUTE
    ../clib/microlib/init/entry.s            0x00000000   Number         0  entry9b.o ABSOLUTE
    ../clib/microlib/init/entry.s            0x00000000   Number         0  entry10a.o ABSOLUTE
    ../clib/microlib/init/entry.s            0x00000000   Number         0  entry10b.o ABSOLUTE
    ../clib/microlib/string/memcpy.c         0x00000000   Number         0  memcpya.o ABSOLUTE
    ../clib/microlib/string/memcpy.c         0x00000000   Number         0  memcpyb.o ABSOLUTE
    ..\..\Oled_Driver\lcd_driver.c           0x00000000   Number         0  lcd_driver.o ABSOLUTE
    ..\..\Oled_Driver\lcd_res.c              0x00000000   Number         0  lcd_res.o ABSOLUTE
    ..\..\Oled_Driver\sh1106.c               0x00000000   Number         0  sh1106.o ABSOLUTE
    ..\..\Oled_Driver\sh1107.c               0x00000000   Number         0  sh1107.o ABSOLUTE
    ..\..\Oled_Driver\sh1108.c               0x00000000   Number         0  sh1108.o ABSOLUTE
    ..\..\Oled_Driver\sh1115.c               0x00000000   Number         0  sh1115.o ABSOLUTE
    ..\..\Oled_Driver\ssd1306.c              0x00000000   Number         0  ssd1306.o ABSOLUTE
    ..\..\Oled_Driver\ssd1309.c              0x00000000   Number         0  ssd1309.o ABSOLUTE
    ..\..\Oled_Driver\ssd1312.c              0x00000000   Number         0  ssd1312.o ABSOLUTE
    ..\..\Oled_Driver\ssd1315.c              0x00000000   Number         0  ssd1315.o ABSOLUTE
    ..\..\Oled_Driver\ssd1327.c              0x00000000   Number         0  ssd1327.o ABSOLUTE
    ..\..\Oled_Driver\st7735.c               0x00000000   Number         0  st7735.o ABSOLUTE
    ..\..\Oled_Driver\st7789vw.c             0x00000000   Number         0  st7789vw.o ABSOLUTE
    ..\..\Oled_Driver\st7796s.c              0x00000000   Number         0  st7796s.o ABSOLUTE
    ..\..\Oled_WeGui\lcd_wegui_driver.c      0x00000000   Number         0  lcd_wegui_driver.o ABSOLUTE
    ..\..\Oled_WeGui\lcd_wegui_menu_app.c    0x00000000   Number         0  lcd_wegui_menu_app.o ABSOLUTE
    ..\..\Oled_WeGui\lcd_wegui_menu_mlist.c  0x00000000   Number         0  lcd_wegui_menu_mlist.o ABSOLUTE
    ..\..\Oled_WeGui\lcd_wegui_tip.c         0x00000000   Number         0  lcd_wegui_tip.o ABSOLUTE
    ..\..\Oled_WeGui\user_wegui_menu.c       0x00000000   Number         0  user_wegui_menu.o ABSOLUTE
    ..\Libraries\CMSIS\CM3\CoreSupport\core_cm3.c 0x00000000   Number         0  core_cm3.o ABSOLUTE
    ..\Libraries\CMSIS\CM3\DeviceSupport\ST\STM32F10x\startup\arm\startup_stm32f10x_md.s 0x00000000   Number         0  startup_stm32f10x_md.o ABSOLUTE
    ..\Libraries\STM32F10x_StdPeriph_Driver\src\misc.c 0x00000000   Number         0  misc.o ABSOLUTE
    ..\Libraries\STM32F10x_StdPeriph_Driver\src\stm32f10x_adc.c 0x00000000   Number         0  stm32f10x_adc.o ABSOLUTE
    ..\Libraries\STM32F10x_StdPeriph_Driver\src\stm32f10x_bkp.c 0x00000000   Number         0  stm32f10x_bkp.o ABSOLUTE
    ..\Libraries\STM32F10x_StdPeriph_Driver\src\stm32f10x_can.c 0x00000000   Number         0  stm32f10x_can.o ABSOLUTE
    ..\Libraries\STM32F10x_StdPeriph_Driver\src\stm32f10x_cec.c 0x00000000   Number         0  stm32f10x_cec.o ABSOLUTE
    ..\Libraries\STM32F10x_StdPeriph_Driver\src\stm32f10x_crc.c 0x00000000   Number         0  stm32f10x_crc.o ABSOLUTE
    ..\Libraries\STM32F10x_StdPeriph_Driver\src\stm32f10x_dac.c 0x00000000   Number         0  stm32f10x_dac.o ABSOLUTE
    ..\Libraries\STM32F10x_StdPeriph_Driver\src\stm32f10x_dbgmcu.c 0x00000000   Number         0  stm32f10x_dbgmcu.o ABSOLUTE
    ..\Libraries\STM32F10x_StdPeriph_Driver\src\stm32f10x_dma.c 0x00000000   Number         0  stm32f10x_dma.o ABSOLUTE
    ..\Libraries\STM32F10x_StdPeriph_Driver\src\stm32f10x_exti.c 0x00000000   Number         0  stm32f10x_exti.o ABSOLUTE
    ..\Libraries\STM32F10x_StdPeriph_Driver\src\stm32f10x_flash.c 0x00000000   Number         0  stm32f10x_flash.o ABSOLUTE
    ..\Libraries\STM32F10x_StdPeriph_Driver\src\stm32f10x_fsmc.c 0x00000000   Number         0  stm32f10x_fsmc.o ABSOLUTE
    ..\Libraries\STM32F10x_StdPeriph_Driver\src\stm32f10x_gpio.c 0x00000000   Number         0  stm32f10x_gpio.o ABSOLUTE
    ..\Libraries\STM32F10x_StdPeriph_Driver\src\stm32f10x_i2c.c 0x00000000   Number         0  stm32f10x_i2c.o ABSOLUTE
    ..\Libraries\STM32F10x_StdPeriph_Driver\src\stm32f10x_iwdg.c 0x00000000   Number         0  stm32f10x_iwdg.o ABSOLUTE
    ..\Libraries\STM32F10x_StdPeriph_Driver\src\stm32f10x_pwr.c 0x00000000   Number         0  stm32f10x_pwr.o ABSOLUTE
    ..\Libraries\STM32F10x_StdPeriph_Driver\src\stm32f10x_rcc.c 0x00000000   Number         0  stm32f10x_rcc.o ABSOLUTE
    ..\Libraries\STM32F10x_StdPeriph_Driver\src\stm32f10x_rtc.c 0x00000000   Number         0  stm32f10x_rtc.o ABSOLUTE
    ..\Libraries\STM32F10x_StdPeriph_Driver\src\stm32f10x_sdio.c 0x00000000   Number         0  stm32f10x_sdio.o ABSOLUTE
    ..\Libraries\STM32F10x_StdPeriph_Driver\src\stm32f10x_spi.c 0x00000000   Number         0  stm32f10x_spi.o ABSOLUTE
    ..\Libraries\STM32F10x_StdPeriph_Driver\src\stm32f10x_tim.c 0x00000000   Number         0  stm32f10x_tim.o ABSOLUTE
    ..\Libraries\STM32F10x_StdPeriph_Driver\src\stm32f10x_usart.c 0x00000000   Number         0  stm32f10x_usart.o ABSOLUTE
    ..\Libraries\STM32F10x_StdPeriph_Driver\src\stm32f10x_wwdg.c 0x00000000   Number         0  stm32f10x_wwdg.o ABSOLUTE
    ..\Oled_Port\stm32f103_lcd_dma_4spi_port.c 0x00000000   Number         0  stm32f103_lcd_dma_4spi_port.o ABSOLUTE
    ..\Oled_Port\stm32f103_lcd_hard_4spi_port.c 0x00000000   Number         0  stm32f103_lcd_hard_4spi_port.o ABSOLUTE
    ..\Oled_Port\stm32f103_lcd_hard_iic_port.c 0x00000000   Number         0  stm32f103_lcd_hard_iic_port.o ABSOLUTE
    ..\Oled_Port\stm32f103_lcd_soft_3spi_port.c 0x00000000   Number         0  stm32f103_lcd_soft_3spi_port.o ABSOLUTE
    ..\Oled_Port\stm32f103_lcd_soft_4spi_port.c 0x00000000   Number         0  stm32f103_lcd_soft_4spi_port.o ABSOLUTE
    ..\Oled_Port\stm32f103_lcd_soft_iic_port.c 0x00000000   Number         0  stm32f103_lcd_soft_iic_port.o ABSOLUTE
    ..\Oled_Port\stm32f103_wegui_4key_port.c 0x00000000   Number         0  stm32f103_wegui_4key_port.o ABSOLUTE
    ..\Oled_Port\stm32f103_wegui_6key_port.c 0x00000000   Number         0  stm32f103_wegui_6key_port.o ABSOLUTE
    ..\Oled_Port\stm32f103_wegui_uart_port.c 0x00000000   Number         0  stm32f103_wegui_uart_port.o ABSOLUTE
    ..\\Libraries\\CMSIS\\CM3\\CoreSupport\\core_cm3.c 0x00000000   Number         0  core_cm3.o ABSOLUTE
    ..\main.c                                0x00000000   Number         0  main.o ABSOLUTE
    ..\stm32f10x_it.c                        0x00000000   Number         0  stm32f10x_it.o ABSOLUTE
    ..\system_stm32f10x.c                    0x00000000   Number         0  system_stm32f10x.o ABSOLUTE
    dc.s                                     0x00000000   Number         0  dc.o ABSOLUTE
    handlers.s                               0x00000000   Number         0  handlers.o ABSOLUTE
    init.s                                   0x00000000   Number         0  init.o ABSOLUTE
    RESET                                    0x08000000   Section      236  startup_stm32f10x_md.o(RESET)
    .ARM.Collect$$$$00000000                 0x080000ec   Section        0  entry.o(.ARM.Collect$$$$00000000)
    .ARM.Collect$$$$00000001                 0x080000ec   Section        4  entry2.o(.ARM.Collect$$$$00000001)
    .ARM.Collect$$$$00000004                 0x080000f0   Section        4  entry5.o(.ARM.Collect$$$$00000004)
    .ARM.Collect$$$$00000008                 0x080000f4   Section        0  entry7b.o(.ARM.Collect$$$$00000008)
    .ARM.Collect$$$$0000000A                 0x080000f4   Section        0  entry8b.o(.ARM.Collect$$$$0000000A)
    .ARM.Collect$$$$0000000B                 0x080000f4   Section        8  entry9a.o(.ARM.Collect$$$$0000000B)
    .ARM.Collect$$$$0000000E                 0x080000fc   Section        4  entry12b.o(.ARM.Collect$$$$0000000E)
    .ARM.Collect$$$$0000000F                 0x08000100   Section        0  entry10a.o(.ARM.Collect$$$$0000000F)
    .ARM.Collect$$$$00000011                 0x08000100   Section        0  entry11a.o(.ARM.Collect$$$$00000011)
    .ARM.Collect$$$$00002712                 0x08000100   Section        4  entry2.o(.ARM.Collect$$$$00002712)
    __lit__00000000                          0x08000100   Data           4  entry2.o(.ARM.Collect$$$$00002712)
    .text                                    0x08000104   Section       36  startup_stm32f10x_md.o(.text)
    .text                                    0x08000128   Section        0  memcpya.o(.text)
    .text                                    0x0800014c   Section       36  init.o(.text)
    i.ADC_Cmd                                0x08000170   Section        0  stm32f10x_adc.o(i.ADC_Cmd)
    i.ADC_GetCalibrationStatus               0x08000184   Section        0  stm32f10x_adc.o(i.ADC_GetCalibrationStatus)
    i.ADC_GetConversionValue                 0x08000192   Section        0  stm32f10x_adc.o(i.ADC_GetConversionValue)
    i.ADC_GetResetCalibrationStatus          0x08000198   Section        0  stm32f10x_adc.o(i.ADC_GetResetCalibrationStatus)
    i.ADC_Init                               0x080001a8   Section        0  stm32f10x_adc.o(i.ADC_Init)
    i.ADC_RegularChannelConfig               0x080001f0   Section        0  stm32f10x_adc.o(i.ADC_RegularChannelConfig)
    i.ADC_ResetCalibration                   0x08000264   Section        0  stm32f10x_adc.o(i.ADC_ResetCalibration)
    i.ADC_SoftwareStartConvCmd               0x0800026e   Section        0  stm32f10x_adc.o(i.ADC_SoftwareStartConvCmd)
    i.ADC_StartCalibration                   0x08000282   Section        0  stm32f10x_adc.o(i.ADC_StartCalibration)
    i.BusFault_Handler                       0x0800028c   Section        0  stm32f10x_it.o(i.BusFault_Handler)
    i.DebugMon_Handler                       0x0800028e   Section        0  stm32f10x_it.o(i.DebugMon_Handler)
    i.GPIO_Init                              0x08000290   Section        0  stm32f10x_gpio.o(i.GPIO_Init)
    i.GPIO_PinRemapConfig                    0x08000334   Section        0  stm32f10x_gpio.o(i.GPIO_PinRemapConfig)
    i.GPIO_ReadOutputDataBit                 0x0800038c   Section        0  stm32f10x_gpio.o(i.GPIO_ReadOutputDataBit)
    i.GPIO_ResetBits                         0x0800039a   Section        0  stm32f10x_gpio.o(i.GPIO_ResetBits)
    i.GPIO_SetBits                           0x0800039e   Section        0  stm32f10x_gpio.o(i.GPIO_SetBits)
    i.HardFault_Handler                      0x080003a2   Section        0  stm32f10x_it.o(i.HardFault_Handler)
    i.I2C_send_1Byte                         0x080003a4   Section        0  stm32f103_lcd_soft_iic_port.o(i.I2C_send_1Byte)
    I2C_send_1Byte                           0x080003a5   Thumb Code   158  stm32f103_lcd_soft_iic_port.o(i.I2C_send_1Byte)
    i.LCD_I2C_Start                          0x08000448   Section        0  stm32f103_lcd_soft_iic_port.o(i.LCD_I2C_Start)
    LCD_I2C_Start                            0x08000449   Thumb Code    36  stm32f103_lcd_soft_iic_port.o(i.LCD_I2C_Start)
    i.LCD_I2C_Stop                           0x08000470   Section        0  stm32f103_lcd_soft_iic_port.o(i.LCD_I2C_Stop)
    LCD_I2C_Stop                             0x08000471   Thumb Code    78  stm32f103_lcd_soft_iic_port.o(i.LCD_I2C_Stop)
    i.LCD_I2C_WaitAck                        0x080004c4   Section        0  stm32f103_lcd_soft_iic_port.o(i.LCD_I2C_WaitAck)
    LCD_I2C_WaitAck                          0x080004c5   Thumb Code    78  stm32f103_lcd_soft_iic_port.o(i.LCD_I2C_WaitAck)
    i.LCD_Port_Init                          0x08000518   Section        0  stm32f103_lcd_soft_iic_port.o(i.LCD_Port_Init)
    i.LCD_Refresh                            0x080005b4   Section        0  stm32f103_lcd_soft_iic_port.o(i.LCD_Refresh)
    i.LCD_Send_1Cmd                          0x080005dc   Section        0  stm32f103_lcd_soft_iic_port.o(i.LCD_Send_1Cmd)
    i.LCD_Send_1Dat                          0x0800060a   Section        0  stm32f103_lcd_soft_iic_port.o(i.LCD_Send_1Dat)
    i.LCD_Send_nCmd                          0x08000638   Section        0  stm32f103_lcd_soft_iic_port.o(i.LCD_Send_nCmd)
    i.LCD_Send_nDat                          0x08000674   Section        0  stm32f103_lcd_soft_iic_port.o(i.LCD_Send_nDat)
    i.LED_Func                               0x080006b0   Section        0  main.o(i.LED_Func)
    i.MemManage_Handler                      0x080006dc   Section        0  stm32f10x_it.o(i.MemManage_Handler)
    i.NMI_Handler                            0x080006de   Section        0  stm32f10x_it.o(i.NMI_Handler)
    i.OLED_Clear_GRAM                        0x080006e0   Section        0  lcd_driver.o(i.OLED_Clear_GRAM)
    i.OLED_Draw_Ascii                        0x08000704   Section        0  lcd_driver.o(i.OLED_Draw_Ascii)
    i.OLED_Draw_Bitmap                       0x0800072c   Section        0  lcd_driver.o(i.OLED_Draw_Bitmap)
    i.OLED_Draw_Box                          0x0800077e   Section        0  lcd_driver.o(i.OLED_Draw_Box)
    i.OLED_Draw_Circel_part                  0x080007b4   Section        0  lcd_driver.o(i.OLED_Draw_Circel_part)
    i.OLED_Draw_HLine                        0x08000954   Section        0  lcd_driver.o(i.OLED_Draw_HLine)
    OLED_Draw_HLine                          0x08000955   Thumb Code    90  lcd_driver.o(i.OLED_Draw_HLine)
    i.OLED_Draw_Line                         0x080009b4   Section        0  lcd_driver.o(i.OLED_Draw_Line)
    i.OLED_Draw_One_Byte                     0x08000a7c   Section        0  lcd_driver.o(i.OLED_Draw_One_Byte)
    OLED_Draw_One_Byte                       0x08000a7d   Thumb Code   144  lcd_driver.o(i.OLED_Draw_One_Byte)
    i.OLED_Draw_Pixl                         0x08000b10   Section        0  lcd_driver.o(i.OLED_Draw_Pixl)
    i.OLED_Draw_RBox                         0x08000b18   Section        0  lcd_driver.o(i.OLED_Draw_RBox)
    i.OLED_Draw_UTF8_String                  0x08000c30   Section        0  lcd_driver.o(i.OLED_Draw_UTF8_String)
    i.OLED_Draw_Unicode                      0x08000ce8   Section        0  lcd_driver.o(i.OLED_Draw_Unicode)
    i.OLED_Draw_VLine                        0x08000d34   Section        0  lcd_driver.o(i.OLED_Draw_VLine)
    OLED_Draw_VLine                          0x08000d35   Thumb Code   178  lcd_driver.o(i.OLED_Draw_VLine)
    i.OLED_Draw_int32                        0x08000df0   Section        0  lcd_driver.o(i.OLED_Draw_int32)
    i.OLED_Fill_Box                          0x08000ebc   Section        0  lcd_driver.o(i.OLED_Fill_Box)
    i.OLED_Fill_Circel_part                  0x08000fe4   Section        0  lcd_driver.o(i.OLED_Fill_Circel_part)
    i.OLED_Fill_RBox                         0x080011c8   Section        0  lcd_driver.o(i.OLED_Fill_RBox)
    i.OLED_Fill_value_GRAM                   0x080012d4   Section        0  lcd_driver.o(i.OLED_Fill_value_GRAM)
    i.OLED_Set_Driver_Box                    0x080012f8   Section        0  lcd_driver.o(i.OLED_Set_Driver_Box)
    i.OLED_Set_Driver_Mode                   0x08001360   Section        0  lcd_driver.o(i.OLED_Set_Driver_Mode)
    i.PendSV_Handler                         0x080013cc   Section        0  stm32f10x_it.o(i.PendSV_Handler)
    i.RCC_ADCCLKConfig                       0x080013d0   Section        0  stm32f10x_rcc.o(i.RCC_ADCCLKConfig)
    i.RCC_APB2PeriphClockCmd                 0x080013e4   Section        0  stm32f10x_rcc.o(i.RCC_APB2PeriphClockCmd)
    i.SSD1306_Clear                          0x080013fc   Section        0  ssd1306.o(i.SSD1306_Clear)
    i.SSD1306_Init                           0x08001426   Section        0  ssd1306.o(i.SSD1306_Init)
    i.SSD1306_Set_Address_x                  0x080014cc   Section        0  ssd1306.o(i.SSD1306_Set_Address_x)
    i.SSD1306_Set_Address_x_ypage            0x080014e6   Section        0  ssd1306.o(i.SSD1306_Set_Address_x_ypage)
    i.SSD1306_Set_Address_ypage              0x0800150a   Section        0  ssd1306.o(i.SSD1306_Set_Address_ypage)
    i.SVC_Handler                            0x08001512   Section        0  stm32f10x_it.o(i.SVC_Handler)
    i.SetSysClockTo72                        0x08001514   Section        0  system_stm32f10x.o(i.SetSysClockTo72)
    SetSysClockTo72                          0x08001515   Thumb Code   160  system_stm32f10x.o(i.SetSysClockTo72)
    i.SysTick_Handler                        0x080015bc   Section        0  stm32f10x_it.o(i.SysTick_Handler)
    i.SystemInit                             0x080015dc   Section        0  system_stm32f10x.o(i.SystemInit)
    i.USART2_IRQHandler                      0x0800162c   Section        0  stm32f103_wegui_uart_port.o(i.USART2_IRQHandler)
    i.USART_GetITStatus                      0x080016bc   Section        0  stm32f10x_usart.o(i.USART_GetITStatus)
    i.USART_ReceiveData                      0x080016fa   Section        0  stm32f10x_usart.o(i.USART_ReceiveData)
    i.UsageFault_Handler                     0x08001702   Section        0  stm32f10x_it.o(i.UsageFault_Handler)
    i.Wegui_1ms_stick                        0x08001704   Section        0  lcd_wegui_driver.o(i.Wegui_1ms_stick)
    i.Write_rxRing                           0x0800171c   Section        0  stm32f103_wegui_uart_port.o(i.Write_rxRing)
    i.__scatterload_copy                     0x08001748   Section       14  handlers.o(i.__scatterload_copy)
    i.__scatterload_null                     0x08001756   Section        2  handlers.o(i.__scatterload_null)
    i.__scatterload_zeroinit                 0x08001758   Section       14  handlers.o(i.__scatterload_zeroinit)
    i.delay_ms                               0x08001768   Section        0  main.o(i.delay_ms)
    i.gui_demo                               0x08001778   Section        0  main.o(i.gui_demo)
    i.lcd_driver_Init                        0x08001a98   Section        0  lcd_driver.o(i.lcd_driver_Init)
    i.lcd_driver_Write_0                     0x08001ae4   Section        0  lcd_driver.o(i.lcd_driver_Write_0)
    lcd_driver_Write_0                       0x08001ae5   Thumb Code    14  lcd_driver.o(i.lcd_driver_Write_0)
    i.lcd_driver_Write_0_inBox               0x08001af8   Section        0  lcd_driver.o(i.lcd_driver_Write_0_inBox)
    lcd_driver_Write_0_inBox                 0x08001af9   Thumb Code    68  lcd_driver.o(i.lcd_driver_Write_0_inBox)
    i.lcd_driver_Write_1                     0x08001b40   Section        0  lcd_driver.o(i.lcd_driver_Write_1)
    lcd_driver_Write_1                       0x08001b41   Thumb Code    14  lcd_driver.o(i.lcd_driver_Write_1)
    i.lcd_driver_Write_1_inBox               0x08001b54   Section        0  lcd_driver.o(i.lcd_driver_Write_1_inBox)
    lcd_driver_Write_1_inBox                 0x08001b55   Thumb Code    72  lcd_driver.o(i.lcd_driver_Write_1_inBox)
    i.lcd_driver_Write_inv                   0x08001ba0   Section        0  lcd_driver.o(i.lcd_driver_Write_inv)
    lcd_driver_Write_inv                     0x08001ba1   Thumb Code    14  lcd_driver.o(i.lcd_driver_Write_inv)
    i.lcd_driver_Write_inv_inBox             0x08001bb4   Section        0  lcd_driver.o(i.lcd_driver_Write_inv_inBox)
    lcd_driver_Write_inv_inBox               0x08001bb5   Thumb Code    72  lcd_driver.o(i.lcd_driver_Write_inv_inBox)
    i.main                                   0x08001c00   Section        0  main.o(i.main)
    i.startup_init                           0x08001c4c   Section        0  main.o(i.startup_init)
    .constdata                               0x08001d68   Section        9  lcd_driver.o(.constdata)
    cal_1                                    0x08001d68   Data           9  lcd_driver.o(.constdata)
    .constdata                               0x08001d71   Section     1024  lcd_res.o(.constdata)
    .constdata                               0x08002174   Section       12  lcd_res.o(.constdata)
    .constdata                               0x08002180   Section       12  lcd_res.o(.constdata)
    .constdata                               0x0800218c   Section       12  lcd_res.o(.constdata)
    .constdata                               0x08002198   Section       12  lcd_res.o(.constdata)
    .conststrlit                             0x080021a4   Section     1141  lcd_res.o(.conststrlit)
    .conststrlit                             0x0800261c   Section     1521  lcd_res.o(.conststrlit)
    .conststrlit                             0x08002c10   Section     2349  lcd_res.o(.conststrlit)
    .conststrlit                             0x08003540   Section     1797  lcd_res.o(.conststrlit)
    .data                                    0x20000000   Section        4  main.o(.data)
    .data                                    0x20000004   Section        8  stm32f10x_it.o(.data)
    .data                                    0x2000000c   Section       20  system_stm32f10x.o(.data)
    .data                                    0x20000020   Section        8  stm32f103_wegui_uart_port.o(.data)
    deal_code                                0x20000020   Data           1  stm32f103_wegui_uart_port.o(.data)
    len                                      0x20000024   Data           2  stm32f103_wegui_uart_port.o(.data)
    get_len                                  0x20000026   Data           2  stm32f103_wegui_uart_port.o(.data)
    .data                                    0x20000028   Section       22  lcd_wegui_driver.o(.data)
    sum_count                                0x20000028   Data           1  lcd_wegui_driver.o(.data)
    sum_count                                0x20000029   Data           1  lcd_wegui_driver.o(.data)
    ui_farmes                                0x2000002a   Data           1  lcd_wegui_driver.o(.data)
    display_count                            0x2000002e   Data           2  lcd_wegui_driver.o(.data)
    sum                                      0x20000030   Data           2  lcd_wegui_driver.o(.data)
    display_count                            0x20000032   Data           2  lcd_wegui_driver.o(.data)
    sum                                      0x20000034   Data           2  lcd_wegui_driver.o(.data)
    ui_time_count                            0x20000036   Data           2  lcd_wegui_driver.o(.data)
    fps_time_count                           0x20000038   Data           2  lcd_wegui_driver.o(.data)
    time_count                               0x2000003a   Data           2  lcd_wegui_driver.o(.data)
    i                                        0x2000003c   Data           2  lcd_wegui_driver.o(.data)
    .bss                                     0x20000040   Section       70  stm32f103_wegui_uart_port.o(.bss)
    .bss                                     0x20000088   Section     1056  lcd_driver.o(.bss)
    STACK                                    0x200004a8   Section     1024  startup_stm32f10x_md.o(STACK)

    Global Symbols

    Symbol Name                              Value     Ov Type        Size  Object(Section)

    BuildAttributes$$THM_ISAv4$P$D$K$B$S$PE$A:L22UL41UL21$X:L11$S22US41US21$IEEE1$IW$USESV6$~STKCKD$USESV7$~SHL$OSPACE$EBA8$MICROLIB$REQ8$PRES8$EABIv2 0x00000000   Number         0  anon$$obj.o ABSOLUTE
    __ARM_use_no_argv                        0x00000000   Number         0  main.o ABSOLUTE
    __arm_fini_                               - Undefined Weak Reference
    __cpp_initialize__aeabi_                  - Undefined Weak Reference
    __cxa_finalize                            - Undefined Weak Reference
    __decompress                              - Undefined Weak Reference
    _clock_init                               - Undefined Weak Reference
    _microlib_exit                            - Undefined Weak Reference
    __Vectors_Size                           0x000000ec   Number         0  startup_stm32f10x_md.o ABSOLUTE
    __Vectors                                0x08000000   Data           4  startup_stm32f10x_md.o(RESET)
    __Vectors_End                            0x080000ec   Data           0  startup_stm32f10x_md.o(RESET)
    __main                                   0x080000ed   Thumb Code     0  entry.o(.ARM.Collect$$$$00000000)
    _main_stk                                0x080000ed   Thumb Code     0  entry2.o(.ARM.Collect$$$$00000001)
    _main_scatterload                        0x080000f1   Thumb Code     0  entry5.o(.ARM.Collect$$$$00000004)
    __main_after_scatterload                 0x080000f5   Thumb Code     0  entry5.o(.ARM.Collect$$$$00000004)
    _main_clock                              0x080000f5   Thumb Code     0  entry7b.o(.ARM.Collect$$$$00000008)
    _main_cpp_init                           0x080000f5   Thumb Code     0  entry8b.o(.ARM.Collect$$$$0000000A)
    _main_init                               0x080000f5   Thumb Code     0  entry9a.o(.ARM.Collect$$$$0000000B)
    __rt_lib_shutdown_fini                   0x080000fd   Thumb Code     0  entry12b.o(.ARM.Collect$$$$0000000E)
    __rt_final_cpp                           0x08000101   Thumb Code     0  entry10a.o(.ARM.Collect$$$$0000000F)
    __rt_final_exit                          0x08000101   Thumb Code     0  entry11a.o(.ARM.Collect$$$$00000011)
    Reset_Handler                            0x08000105   Thumb Code     8  startup_stm32f10x_md.o(.text)
    ADC1_2_IRQHandler                        0x0800011f   Thumb Code     0  startup_stm32f10x_md.o(.text)
    CAN1_RX1_IRQHandler                      0x0800011f   Thumb Code     0  startup_stm32f10x_md.o(.text)
    CAN1_SCE_IRQHandler                      0x0800011f   Thumb Code     0  startup_stm32f10x_md.o(.text)
    DMA1_Channel1_IRQHandler                 0x0800011f   Thumb Code     0  startup_stm32f10x_md.o(.text)
    DMA1_Channel2_IRQHandler                 0x0800011f   Thumb Code     0  startup_stm32f10x_md.o(.text)
    DMA1_Channel3_IRQHandler                 0x0800011f   Thumb Code     0  startup_stm32f10x_md.o(.text)
    DMA1_Channel4_IRQHandler                 0x0800011f   Thumb Code     0  startup_stm32f10x_md.o(.text)
    DMA1_Channel5_IRQHandler                 0x0800011f   Thumb Code     0  startup_stm32f10x_md.o(.text)
    DMA1_Channel6_IRQHandler                 0x0800011f   Thumb Code     0  startup_stm32f10x_md.o(.text)
    DMA1_Channel7_IRQHandler                 0x0800011f   Thumb Code     0  startup_stm32f10x_md.o(.text)
    EXTI0_IRQHandler                         0x0800011f   Thumb Code     0  startup_stm32f10x_md.o(.text)
    EXTI15_10_IRQHandler                     0x0800011f   Thumb Code     0  startup_stm32f10x_md.o(.text)
    EXTI1_IRQHandler                         0x0800011f   Thumb Code     0  startup_stm32f10x_md.o(.text)
    EXTI2_IRQHandler                         0x0800011f   Thumb Code     0  startup_stm32f10x_md.o(.text)
    EXTI3_IRQHandler                         0x0800011f   Thumb Code     0  startup_stm32f10x_md.o(.text)
    EXTI4_IRQHandler                         0x0800011f   Thumb Code     0  startup_stm32f10x_md.o(.text)
    EXTI9_5_IRQHandler                       0x0800011f   Thumb Code     0  startup_stm32f10x_md.o(.text)
    FLASH_IRQHandler                         0x0800011f   Thumb Code     0  startup_stm32f10x_md.o(.text)
    I2C1_ER_IRQHandler                       0x0800011f   Thumb Code     0  startup_stm32f10x_md.o(.text)
    I2C1_EV_IRQHandler                       0x0800011f   Thumb Code     0  startup_stm32f10x_md.o(.text)
    I2C2_ER_IRQHandler                       0x0800011f   Thumb Code     0  startup_stm32f10x_md.o(.text)
    I2C2_EV_IRQHandler                       0x0800011f   Thumb Code     0  startup_stm32f10x_md.o(.text)
    PVD_IRQHandler                           0x0800011f   Thumb Code     0  startup_stm32f10x_md.o(.text)
    RCC_IRQHandler                           0x0800011f   Thumb Code     0  startup_stm32f10x_md.o(.text)
    RTCAlarm_IRQHandler                      0x0800011f   Thumb Code     0  startup_stm32f10x_md.o(.text)
    RTC_IRQHandler                           0x0800011f   Thumb Code     0  startup_stm32f10x_md.o(.text)
    SPI1_IRQHandler                          0x0800011f   Thumb Code     0  startup_stm32f10x_md.o(.text)
    SPI2_IRQHandler                          0x0800011f   Thumb Code     0  startup_stm32f10x_md.o(.text)
    TAMPER_IRQHandler                        0x0800011f   Thumb Code     0  startup_stm32f10x_md.o(.text)
    TIM1_BRK_IRQHandler                      0x0800011f   Thumb Code     0  startup_stm32f10x_md.o(.text)
    TIM1_CC_IRQHandler                       0x0800011f   Thumb Code     0  startup_stm32f10x_md.o(.text)
    TIM1_TRG_COM_IRQHandler                  0x0800011f   Thumb Code     0  startup_stm32f10x_md.o(.text)
    TIM1_UP_IRQHandler                       0x0800011f   Thumb Code     0  startup_stm32f10x_md.o(.text)
    TIM2_IRQHandler                          0x0800011f   Thumb Code     0  startup_stm32f10x_md.o(.text)
    TIM3_IRQHandler                          0x0800011f   Thumb Code     0  startup_stm32f10x_md.o(.text)
    TIM4_IRQHandler                          0x0800011f   Thumb Code     0  startup_stm32f10x_md.o(.text)
    USART1_IRQHandler                        0x0800011f   Thumb Code     0  startup_stm32f10x_md.o(.text)
    USART3_IRQHandler                        0x0800011f   Thumb Code     0  startup_stm32f10x_md.o(.text)
    USBWakeUp_IRQHandler                     0x0800011f   Thumb Code     0  startup_stm32f10x_md.o(.text)
    USB_HP_CAN1_TX_IRQHandler                0x0800011f   Thumb Code     0  startup_stm32f10x_md.o(.text)
    USB_LP_CAN1_RX0_IRQHandler               0x0800011f   Thumb Code     0  startup_stm32f10x_md.o(.text)
    WWDG_IRQHandler                          0x0800011f   Thumb Code     0  startup_stm32f10x_md.o(.text)
    __aeabi_memcpy                           0x08000129   Thumb Code    36  memcpya.o(.text)
    __aeabi_memcpy4                          0x08000129   Thumb Code     0  memcpya.o(.text)
    __aeabi_memcpy8                          0x08000129   Thumb Code     0  memcpya.o(.text)
    __scatterload                            0x0800014d   Thumb Code    28  init.o(.text)
    __scatterload_rt2                        0x0800014d   Thumb Code     0  init.o(.text)
    ADC_Cmd                                  0x08000171   Thumb Code    20  stm32f10x_adc.o(i.ADC_Cmd)
    ADC_GetCalibrationStatus                 0x08000185   Thumb Code    14  stm32f10x_adc.o(i.ADC_GetCalibrationStatus)
    ADC_GetConversionValue                   0x08000193   Thumb Code     6  stm32f10x_adc.o(i.ADC_GetConversionValue)
    ADC_GetResetCalibrationStatus            0x08000199   Thumb Code    14  stm32f10x_adc.o(i.ADC_GetResetCalibrationStatus)
    ADC_Init                                 0x080001a9   Thumb Code    62  stm32f10x_adc.o(i.ADC_Init)
    ADC_RegularChannelConfig                 0x080001f1   Thumb Code   116  stm32f10x_adc.o(i.ADC_RegularChannelConfig)
    ADC_ResetCalibration                     0x08000265   Thumb Code    10  stm32f10x_adc.o(i.ADC_ResetCalibration)
    ADC_SoftwareStartConvCmd                 0x0800026f   Thumb Code    20  stm32f10x_adc.o(i.ADC_SoftwareStartConvCmd)
    ADC_StartCalibration                     0x08000283   Thumb Code    10  stm32f10x_adc.o(i.ADC_StartCalibration)
    BusFault_Handler                         0x0800028d   Thumb Code     2  stm32f10x_it.o(i.BusFault_Handler)
    DebugMon_Handler                         0x0800028f   Thumb Code     2  stm32f10x_it.o(i.DebugMon_Handler)
    GPIO_Init                                0x08000291   Thumb Code   162  stm32f10x_gpio.o(i.GPIO_Init)
    GPIO_PinRemapConfig                      0x08000335   Thumb Code    82  stm32f10x_gpio.o(i.GPIO_PinRemapConfig)
    GPIO_ReadOutputDataBit                   0x0800038d   Thumb Code    14  stm32f10x_gpio.o(i.GPIO_ReadOutputDataBit)
    GPIO_ResetBits                           0x0800039b   Thumb Code     4  stm32f10x_gpio.o(i.GPIO_ResetBits)
    GPIO_SetBits                             0x0800039f   Thumb Code     4  stm32f10x_gpio.o(i.GPIO_SetBits)
    HardFault_Handler                        0x080003a3   Thumb Code     2  stm32f10x_it.o(i.HardFault_Handler)
    LCD_Port_Init                            0x08000519   Thumb Code   146  stm32f103_lcd_soft_iic_port.o(i.LCD_Port_Init)
    LCD_Refresh                              0x080005b5   Thumb Code    36  stm32f103_lcd_soft_iic_port.o(i.LCD_Refresh)
    LCD_Send_1Cmd                            0x080005dd   Thumb Code    46  stm32f103_lcd_soft_iic_port.o(i.LCD_Send_1Cmd)
    LCD_Send_1Dat                            0x0800060b   Thumb Code    46  stm32f103_lcd_soft_iic_port.o(i.LCD_Send_1Dat)
    LCD_Send_nCmd                            0x08000639   Thumb Code    60  stm32f103_lcd_soft_iic_port.o(i.LCD_Send_nCmd)
    LCD_Send_nDat                            0x08000675   Thumb Code    60  stm32f103_lcd_soft_iic_port.o(i.LCD_Send_nDat)
    LED_Func                                 0x080006b1   Thumb Code    40  main.o(i.LED_Func)
    MemManage_Handler                        0x080006dd   Thumb Code     2  stm32f10x_it.o(i.MemManage_Handler)
    NMI_Handler                              0x080006df   Thumb Code     2  stm32f10x_it.o(i.NMI_Handler)
    OLED_Clear_GRAM                          0x080006e1   Thumb Code    24  lcd_driver.o(i.OLED_Clear_GRAM)
    OLED_Draw_Ascii                          0x08000705   Thumb Code    34  lcd_driver.o(i.OLED_Draw_Ascii)
    OLED_Draw_Bitmap                         0x0800072d   Thumb Code    82  lcd_driver.o(i.OLED_Draw_Bitmap)
    OLED_Draw_Box                            0x0800077f   Thumb Code    52  lcd_driver.o(i.OLED_Draw_Box)
    OLED_Draw_Circel_part                    0x080007b5   Thumb Code   402  lcd_driver.o(i.OLED_Draw_Circel_part)
    OLED_Draw_Line                           0x080009b5   Thumb Code   200  lcd_driver.o(i.OLED_Draw_Line)
    OLED_Draw_Pixl                           0x08000b11   Thumb Code     6  lcd_driver.o(i.OLED_Draw_Pixl)
    OLED_Draw_RBox                           0x08000b19   Thumb Code   266  lcd_driver.o(i.OLED_Draw_RBox)
    OLED_Draw_UTF8_String                    0x08000c31   Thumb Code   180  lcd_driver.o(i.OLED_Draw_UTF8_String)
    OLED_Draw_Unicode                        0x08000ce9   Thumb Code    72  lcd_driver.o(i.OLED_Draw_Unicode)
    OLED_Draw_int32                          0x08000df1   Thumb Code   198  lcd_driver.o(i.OLED_Draw_int32)
    OLED_Fill_Box                            0x08000ebd   Thumb Code   286  lcd_driver.o(i.OLED_Fill_Box)
    OLED_Fill_Circel_part                    0x08000fe5   Thumb Code   470  lcd_driver.o(i.OLED_Fill_Circel_part)
    OLED_Fill_RBox                           0x080011c9   Thumb Code   254  lcd_driver.o(i.OLED_Fill_RBox)
    OLED_Fill_value_GRAM                     0x080012d5   Thumb Code    32  lcd_driver.o(i.OLED_Fill_value_GRAM)
    OLED_Set_Driver_Box                      0x080012f9   Thumb Code   100  lcd_driver.o(i.OLED_Set_Driver_Box)
    OLED_Set_Driver_Mode                     0x08001361   Thumb Code    78  lcd_driver.o(i.OLED_Set_Driver_Mode)
    PendSV_Handler                           0x080013cd   Thumb Code     2  stm32f10x_it.o(i.PendSV_Handler)
    RCC_ADCCLKConfig                         0x080013d1   Thumb Code    14  stm32f10x_rcc.o(i.RCC_ADCCLKConfig)
    RCC_APB2PeriphClockCmd                   0x080013e5   Thumb Code    18  stm32f10x_rcc.o(i.RCC_APB2PeriphClockCmd)
    SSD1306_Clear                            0x080013fd   Thumb Code    42  ssd1306.o(i.SSD1306_Clear)
    SSD1306_Init                             0x08001427   Thumb Code   166  ssd1306.o(i.SSD1306_Init)
    SSD1306_Set_Address_x                    0x080014cd   Thumb Code    26  ssd1306.o(i.SSD1306_Set_Address_x)
    SSD1306_Set_Address_x_ypage              0x080014e7   Thumb Code    36  ssd1306.o(i.SSD1306_Set_Address_x_ypage)
    SSD1306_Set_Address_ypage                0x0800150b   Thumb Code     8  ssd1306.o(i.SSD1306_Set_Address_ypage)
    SVC_Handler                              0x08001513   Thumb Code     2  stm32f10x_it.o(i.SVC_Handler)
    SysTick_Handler                          0x080015bd   Thumb Code    26  stm32f10x_it.o(i.SysTick_Handler)
    SystemInit                               0x080015dd   Thumb Code    64  system_stm32f10x.o(i.SystemInit)
    USART2_IRQHandler                        0x0800162d   Thumb Code   134  stm32f103_wegui_uart_port.o(i.USART2_IRQHandler)
    USART_GetITStatus                        0x080016bd   Thumb Code    62  stm32f10x_usart.o(i.USART_GetITStatus)
    USART_ReceiveData                        0x080016fb   Thumb Code     8  stm32f10x_usart.o(i.USART_ReceiveData)
    UsageFault_Handler                       0x08001703   Thumb Code     2  stm32f10x_it.o(i.UsageFault_Handler)
    Wegui_1ms_stick                          0x08001705   Thumb Code    18  lcd_wegui_driver.o(i.Wegui_1ms_stick)
    Write_rxRing                             0x0800171d   Thumb Code    40  stm32f103_wegui_uart_port.o(i.Write_rxRing)
    __scatterload_copy                       0x08001749   Thumb Code    14  handlers.o(i.__scatterload_copy)
    __scatterload_null                       0x08001757   Thumb Code     2  handlers.o(i.__scatterload_null)
    __scatterload_zeroinit                   0x08001759   Thumb Code    14  handlers.o(i.__scatterload_zeroinit)
    delay_ms                                 0x08001769   Thumb Code    12  main.o(i.delay_ms)
    gui_demo                                 0x08001779   Thumb Code   674  main.o(i.gui_demo)
    lcd_driver_Init                          0x08001a99   Thumb Code    62  lcd_driver.o(i.lcd_driver_Init)
    main                                     0x08001c01   Thumb Code    62  main.o(i.main)
    startup_init                             0x08001c4d   Thumb Code   256  main.o(i.startup_init)
    demo_bitmap_128x64                       0x08001d71   Data        1024  lcd_res.o(.constdata)
    ascii_SongTi_6X12                        0x08002174   Data          12  lcd_res.o(.constdata)
    ascii_SongTi_8X16                        0x08002180   Data          12  lcd_res.o(.constdata)
    SongTi_UTF8_16X16                        0x0800218c   Data          12  lcd_res.o(.constdata)
    SongTi_UTF8_12X12                        0x08002198   Data          12  lcd_res.o(.constdata)
    Region$$Table$$Base                      0x08003c48   Number         0  anon$$obj.o(Region$$Table)
    Region$$Table$$Limit                     0x08003c68   Number         0  anon$$obj.o(Region$$Table)
    adc_en                                   0x20000000   Data           1  main.o(.data)
    ResADC                                   0x20000002   Data           2  main.o(.data)
    sys1ms_stick                             0x20000004   Data           1  stm32f10x_it.o(.data)
    sys1ms_delay                             0x20000008   Data           4  stm32f10x_it.o(.data)
    SystemCoreClock                          0x2000000c   Data           4  system_stm32f10x.o(.data)
    AHBPrescTable                            0x20000010   Data          16  system_stm32f10x.o(.data)
    irq_rx_state                             0x20000021   Data           1  stm32f103_wegui_uart_port.o(.data)
    uart_rx_time_out                         0x20000022   Data           1  stm32f103_wegui_uart_port.o(.data)
    uart_rx_wait_deal_task                   0x20000023   Data           1  stm32f103_wegui_uart_port.o(.data)
    Wegui_stick                              0x2000002c   Data           2  lcd_wegui_driver.o(.data)
    rxRing                                   0x20000040   Data          70  stm32f103_wegui_uart_port.o(.bss)
    lcd_driver                               0x20000088   Data        1056  lcd_driver.o(.bss)
    __initial_sp                             0x200008a8   Data           0  startup_stm32f10x_md.o(STACK)



==============================================================================

Memory Map of the image

  Image Entry point : 0x080000ed

  Load Region LR_IROM1 (Base: 0x08000000, Size: 0x00003ca8, Max: 0x00010000, ABSOLUTE)

    Execution Region ER_IROM1 (Exec base: 0x08000000, Load base: 0x08000000, Size: 0x00003c68, Max: 0x00010000, ABSOLUTE)

    Exec Addr    Load Addr    Size         Type   Attr      Idx    E Section Name        Object

    0x08000000   0x08000000   0x000000ec   Data   RO           19    RESET               startup_stm32f10x_md.o
    0x080000ec   0x080000ec   0x00000000   Code   RO         5099  * .ARM.Collect$$$$00000000  mc_w.l(entry.o)
    0x080000ec   0x080000ec   0x00000004   Code   RO         5106    .ARM.Collect$$$$00000001  mc_w.l(entry2.o)
    0x080000f0   0x080000f0   0x00000004   Code   RO         5109    .ARM.Collect$$$$00000004  mc_w.l(entry5.o)
    0x080000f4   0x080000f4   0x00000000   Code   RO         5111    .ARM.Collect$$$$00000008  mc_w.l(entry7b.o)
    0x080000f4   0x080000f4   0x00000000   Code   RO         5113    .ARM.Collect$$$$0000000A  mc_w.l(entry8b.o)
    0x080000f4   0x080000f4   0x00000008   Code   RO         5114    .ARM.Collect$$$$0000000B  mc_w.l(entry9a.o)
    0x080000fc   0x080000fc   0x00000004   Code   RO         5121    .ARM.Collect$$$$0000000E  mc_w.l(entry12b.o)
    0x08000100   0x08000100   0x00000000   Code   RO         5116    .ARM.Collect$$$$0000000F  mc_w.l(entry10a.o)
    0x08000100   0x08000100   0x00000000   Code   RO         5118    .ARM.Collect$$$$00000011  mc_w.l(entry11a.o)
    0x08000100   0x08000100   0x00000004   Code   RO         5107    .ARM.Collect$$$$00002712  mc_w.l(entry2.o)
    0x08000104   0x08000104   0x00000024   Code   RO           20    .text               startup_stm32f10x_md.o
    0x08000128   0x08000128   0x00000024   Code   RO         5102    .text               mc_w.l(memcpya.o)
    0x0800014c   0x0800014c   0x00000024   Code   RO         5122    .text               mc_w.l(init.o)
    0x08000170   0x08000170   0x00000014   Code   RO          149    i.ADC_Cmd           stm32f10x_adc.o
    0x08000184   0x08000184   0x0000000e   Code   RO          157    i.ADC_GetCalibrationStatus  stm32f10x_adc.o
    0x08000192   0x08000192   0x00000006   Code   RO          158    i.ADC_GetConversionValue  stm32f10x_adc.o
    0x08000198   0x08000198   0x0000000e   Code   RO          163    i.ADC_GetResetCalibrationStatus  stm32f10x_adc.o
    0x080001a6   0x080001a6   0x00000002   PAD
    0x080001a8   0x080001a8   0x00000048   Code   RO          167    i.ADC_Init          stm32f10x_adc.o
    0x080001f0   0x080001f0   0x00000074   Code   RO          171    i.ADC_RegularChannelConfig  stm32f10x_adc.o
    0x08000264   0x08000264   0x0000000a   Code   RO          172    i.ADC_ResetCalibration  stm32f10x_adc.o
    0x0800026e   0x0800026e   0x00000014   Code   RO          174    i.ADC_SoftwareStartConvCmd  stm32f10x_adc.o
    0x08000282   0x08000282   0x0000000a   Code   RO          176    i.ADC_StartCalibration  stm32f10x_adc.o
    0x0800028c   0x0800028c   0x00000002   Code   RO         3139    i.BusFault_Handler  stm32f10x_it.o
    0x0800028e   0x0800028e   0x00000002   Code   RO         3140    i.DebugMon_Handler  stm32f10x_it.o
    0x08000290   0x08000290   0x000000a2   Code   RO         1256    i.GPIO_Init         stm32f10x_gpio.o
    0x08000332   0x08000332   0x00000002   PAD
    0x08000334   0x08000334   0x00000058   Code   RO         1258    i.GPIO_PinRemapConfig  stm32f10x_gpio.o
    0x0800038c   0x0800038c   0x0000000e   Code   RO         1262    i.GPIO_ReadOutputDataBit  stm32f10x_gpio.o
    0x0800039a   0x0800039a   0x00000004   Code   RO         1263    i.GPIO_ResetBits    stm32f10x_gpio.o
    0x0800039e   0x0800039e   0x00000004   Code   RO         1264    i.GPIO_SetBits      stm32f10x_gpio.o
    0x080003a2   0x080003a2   0x00000002   Code   RO         3141    i.HardFault_Handler  stm32f10x_it.o
    0x080003a4   0x080003a4   0x000000a4   Code   RO         3288    i.I2C_send_1Byte    stm32f103_lcd_soft_iic_port.o
    0x08000448   0x08000448   0x00000028   Code   RO         3289    i.LCD_I2C_Start     stm32f103_lcd_soft_iic_port.o
    0x08000470   0x08000470   0x00000054   Code   RO         3290    i.LCD_I2C_Stop      stm32f103_lcd_soft_iic_port.o
    0x080004c4   0x080004c4   0x00000054   Code   RO         3291    i.LCD_I2C_WaitAck   stm32f103_lcd_soft_iic_port.o
    0x08000518   0x08000518   0x0000009c   Code   RO         3292    i.LCD_Port_Init     stm32f103_lcd_soft_iic_port.o
    0x080005b4   0x080005b4   0x00000028   Code   RO         3293    i.LCD_Refresh       stm32f103_lcd_soft_iic_port.o
    0x080005dc   0x080005dc   0x0000002e   Code   RO         3294    i.LCD_Send_1Cmd     stm32f103_lcd_soft_iic_port.o
    0x0800060a   0x0800060a   0x0000002e   Code   RO         3295    i.LCD_Send_1Dat     stm32f103_lcd_soft_iic_port.o
    0x08000638   0x08000638   0x0000003c   Code   RO         3296    i.LCD_Send_nCmd     stm32f103_lcd_soft_iic_port.o
    0x08000674   0x08000674   0x0000003c   Code   RO         3297    i.LCD_Send_nDat     stm32f103_lcd_soft_iic_port.o
    0x080006b0   0x080006b0   0x0000002c   Code   RO         3056    i.LED_Func          main.o
    0x080006dc   0x080006dc   0x00000002   Code   RO         3142    i.MemManage_Handler  stm32f10x_it.o
    0x080006de   0x080006de   0x00000002   Code   RO         3143    i.NMI_Handler       stm32f10x_it.o
    0x080006e0   0x080006e0   0x00000024   Code   RO         3519    i.OLED_Clear_GRAM   lcd_driver.o
    0x08000704   0x08000704   0x00000028   Code   RO         3520    i.OLED_Draw_Ascii   lcd_driver.o
    0x0800072c   0x0800072c   0x00000052   Code   RO         3521    i.OLED_Draw_Bitmap  lcd_driver.o
    0x0800077e   0x0800077e   0x00000034   Code   RO         3522    i.OLED_Draw_Box     lcd_driver.o
    0x080007b2   0x080007b2   0x00000002   PAD
    0x080007b4   0x080007b4   0x000001a0   Code   RO         3523    i.OLED_Draw_Circel_part  lcd_driver.o
    0x08000954   0x08000954   0x00000060   Code   RO         3524    i.OLED_Draw_HLine   lcd_driver.o
    0x080009b4   0x080009b4   0x000000c8   Code   RO         3525    i.OLED_Draw_Line    lcd_driver.o
    0x08000a7c   0x08000a7c   0x00000094   Code   RO         3526    i.OLED_Draw_One_Byte  lcd_driver.o
    0x08000b10   0x08000b10   0x00000006   Code   RO         3527    i.OLED_Draw_Pixl    lcd_driver.o
    0x08000b16   0x08000b16   0x00000002   PAD
    0x08000b18   0x08000b18   0x00000118   Code   RO         3528    i.OLED_Draw_RBox    lcd_driver.o
    0x08000c30   0x08000c30   0x000000b8   Code   RO         3529    i.OLED_Draw_UTF8_String  lcd_driver.o
    0x08000ce8   0x08000ce8   0x0000004c   Code   RO         3530    i.OLED_Draw_Unicode  lcd_driver.o
    0x08000d34   0x08000d34   0x000000bc   Code   RO         3531    i.OLED_Draw_VLine   lcd_driver.o
    0x08000df0   0x08000df0   0x000000cc   Code   RO         3532    i.OLED_Draw_int32   lcd_driver.o
    0x08000ebc   0x08000ebc   0x00000128   Code   RO         3533    i.OLED_Fill_Box     lcd_driver.o
    0x08000fe4   0x08000fe4   0x000001e4   Code   RO         3534    i.OLED_Fill_Circel_part  lcd_driver.o
    0x080011c8   0x080011c8   0x0000010c   Code   RO         3535    i.OLED_Fill_RBox    lcd_driver.o
    0x080012d4   0x080012d4   0x00000024   Code   RO         3536    i.OLED_Fill_value_GRAM  lcd_driver.o
    0x080012f8   0x080012f8   0x00000068   Code   RO         3539    i.OLED_Set_Driver_Box  lcd_driver.o
    0x08001360   0x08001360   0x0000006c   Code   RO         3540    i.OLED_Set_Driver_Mode  lcd_driver.o
    0x080013cc   0x080013cc   0x00000002   Code   RO         3144    i.PendSV_Handler    stm32f10x_it.o
    0x080013ce   0x080013ce   0x00000002   PAD
    0x080013d0   0x080013d0   0x00000014   Code   RO         1670    i.RCC_ADCCLKConfig  stm32f10x_rcc.o
    0x080013e4   0x080013e4   0x00000018   Code   RO         1674    i.RCC_APB2PeriphClockCmd  stm32f10x_rcc.o
    0x080013fc   0x080013fc   0x0000002a   Code   RO         3900    i.SSD1306_Clear     ssd1306.o
    0x08001426   0x08001426   0x000000a6   Code   RO         3901    i.SSD1306_Init      ssd1306.o
    0x080014cc   0x080014cc   0x0000001a   Code   RO         3902    i.SSD1306_Set_Address_x  ssd1306.o
    0x080014e6   0x080014e6   0x00000024   Code   RO         3903    i.SSD1306_Set_Address_x_ypage  ssd1306.o
    0x0800150a   0x0800150a   0x00000008   Code   RO         3904    i.SSD1306_Set_Address_ypage  ssd1306.o
    0x08001512   0x08001512   0x00000002   Code   RO         3145    i.SVC_Handler       stm32f10x_it.o
    0x08001514   0x08001514   0x000000a8   Code   RO         3209    i.SetSysClockTo72   system_stm32f10x.o
    0x080015bc   0x080015bc   0x00000020   Code   RO         3146    i.SysTick_Handler   stm32f10x_it.o
    0x080015dc   0x080015dc   0x00000050   Code   RO         3211    i.SystemInit        system_stm32f10x.o
    0x0800162c   0x0800162c   0x00000090   Code   RO         3440    i.USART2_IRQHandler  stm32f103_wegui_uart_port.o
    0x080016bc   0x080016bc   0x0000003e   Code   RO         2884    i.USART_GetITStatus  stm32f10x_usart.o
    0x080016fa   0x080016fa   0x00000008   Code   RO         2894    i.USART_ReceiveData  stm32f10x_usart.o
    0x08001702   0x08001702   0x00000002   Code   RO         3147    i.UsageFault_Handler  stm32f10x_it.o
    0x08001704   0x08001704   0x00000018   Code   RO         4750    i.Wegui_1ms_stick   lcd_wegui_driver.o
    0x0800171c   0x0800171c   0x0000002c   Code   RO         3446    i.Write_rxRing      stm32f103_wegui_uart_port.o
    0x08001748   0x08001748   0x0000000e   Code   RO         5126    i.__scatterload_copy  mc_w.l(handlers.o)
    0x08001756   0x08001756   0x00000002   Code   RO         5127    i.__scatterload_null  mc_w.l(handlers.o)
    0x08001758   0x08001758   0x0000000e   Code   RO         5128    i.__scatterload_zeroinit  mc_w.l(handlers.o)
    0x08001766   0x08001766   0x00000002   PAD
    0x08001768   0x08001768   0x00000010   Code   RO         3057    i.delay_ms          main.o
    0x08001778   0x08001778   0x00000320   Code   RO         3058    i.gui_demo          main.o
    0x08001a98   0x08001a98   0x0000004c   Code   RO         3541    i.lcd_driver_Init   lcd_driver.o
    0x08001ae4   0x08001ae4   0x00000014   Code   RO         3542    i.lcd_driver_Write_0  lcd_driver.o
    0x08001af8   0x08001af8   0x00000048   Code   RO         3543    i.lcd_driver_Write_0_inBox  lcd_driver.o
    0x08001b40   0x08001b40   0x00000014   Code   RO         3544    i.lcd_driver_Write_1  lcd_driver.o
    0x08001b54   0x08001b54   0x0000004c   Code   RO         3545    i.lcd_driver_Write_1_inBox  lcd_driver.o
    0x08001ba0   0x08001ba0   0x00000014   Code   RO         3546    i.lcd_driver_Write_inv  lcd_driver.o
    0x08001bb4   0x08001bb4   0x0000004c   Code   RO         3547    i.lcd_driver_Write_inv_inBox  lcd_driver.o
    0x08001c00   0x08001c00   0x0000004c   Code   RO         3059    i.main              main.o
    0x08001c4c   0x08001c4c   0x0000011c   Code   RO         3060    i.startup_init      main.o
    0x08001d68   0x08001d68   0x00000009   Data   RO         3549    .constdata          lcd_driver.o
    0x08001d71   0x08001d71   0x00000400   Data   RO         3708    .constdata          lcd_res.o
    0x08002171   0x08002171   0x00000003   PAD
    0x08002174   0x08002174   0x0000000c   Data   RO         3709    .constdata          lcd_res.o
    0x08002180   0x08002180   0x0000000c   Data   RO         3710    .constdata          lcd_res.o
    0x0800218c   0x0800218c   0x0000000c   Data   RO         3711    .constdata          lcd_res.o
    0x08002198   0x08002198   0x0000000c   Data   RO         3712    .constdata          lcd_res.o
    0x080021a4   0x080021a4   0x00000475   Data   RO         3713    .conststrlit        lcd_res.o
    0x08002619   0x08002619   0x00000003   PAD
    0x0800261c   0x0800261c   0x000005f1   Data   RO         3714    .conststrlit        lcd_res.o
    0x08002c0d   0x08002c0d   0x00000003   PAD
    0x08002c10   0x08002c10   0x0000092d   Data   RO         3715    .conststrlit        lcd_res.o
    0x0800353d   0x0800353d   0x00000003   PAD
    0x08003540   0x08003540   0x00000705   Data   RO         3716    .conststrlit        lcd_res.o
    0x08003c45   0x08003c45   0x00000003   PAD
    0x08003c48   0x08003c48   0x00000020   Data   RO         5124    Region$$Table       anon$$obj.o


    Execution Region RW_IRAM1 (Exec base: 0x20000000, Load base: 0x08003c68, Size: 0x000008a8, Max: 0x00005000, ABSOLUTE)

    Exec Addr    Load Addr    Size         Type   Attr      Idx    E Section Name        Object

    0x20000000   0x08003c68   0x00000004   Data   RW         3061    .data               main.o
    0x20000004   0x08003c6c   0x00000008   Data   RW         3148    .data               stm32f10x_it.o
    0x2000000c   0x08003c74   0x00000014   Data   RW         3212    .data               system_stm32f10x.o
    0x20000020   0x08003c88   0x00000008   Data   RW         3450    .data               stm32f103_wegui_uart_port.o
    0x20000028   0x08003c90   0x00000016   Data   RW         4758    .data               lcd_wegui_driver.o
    0x2000003e   0x08003ca6   0x00000002   PAD
    0x20000040        -       0x00000046   Zero   RW         3449    .bss                stm32f103_wegui_uart_port.o
    0x20000086   0x08003ca6   0x00000002   PAD
    0x20000088        -       0x00000420   Zero   RW         3548    .bss                lcd_driver.o
    0x200004a8        -       0x00000400   Zero   RW           17    STACK               startup_stm32f10x_md.o


==============================================================================

Image component sizes


      Code (inc. data)   RO Data    RW Data    ZI Data      Debug   Object Name

         0          0          0          0          0       4540   core_cm3.o
      3664        206          9          0       1056      23314   lcd_driver.o
         0          0       7880          0          0       1409   lcd_res.o
        24          6          0         22          0       5792   lcd_wegui_driver.o
      1220        176          0          4          0      21033   main.o
         0          0          0          0          0     227076   misc.o
       278          0          0          0          0       3271   ssd1306.o
        36          8        236          0       1024        904   startup_stm32f10x_md.o
       780         36          0          0          0       7210   stm32f103_lcd_soft_iic_port.o
       188         14          0          8         70       2850   stm32f103_wegui_uart_port.o
       282         10          0          0          0       8029   stm32f10x_adc.o
       272          6          0          0          0       4759   stm32f10x_gpio.o
        48          6          0          8          0       4526   stm32f10x_it.o
        44         12          0          0          0       1200   stm32f10x_rcc.o
        70          0          0          0          0       3040   stm32f10x_usart.o
       248         24          0         20          0       1925   system_stm32f10x.o

    ----------------------------------------------------------------------
      7164        504       8172         64       2152     320878   Object Totals
         0          0         32          0          0          0   (incl. Generated)
        10          0         15          2          2          0   (incl. Padding)

    ----------------------------------------------------------------------

      Code (inc. data)   RO Data    RW Data    ZI Data      Debug   Library Member Name

         0          0          0          0          0          0   entry.o
         0          0          0          0          0          0   entry10a.o
         0          0          0          0          0          0   entry11a.o
         4          0          0          0          0          0   entry12b.o
         8          4          0          0          0          0   entry2.o
         4          0          0          0          0          0   entry5.o
         0          0          0          0          0          0   entry7b.o
         0          0          0          0          0          0   entry8b.o
         8          4          0          0          0          0   entry9a.o
        30          0          0          0          0          0   handlers.o
        36          8          0          0          0         68   init.o
        36          0          0          0          0         68   memcpya.o

    ----------------------------------------------------------------------
       128         16          0          0          0        136   Library Totals
         2          0          0          0          0          0   (incl. Padding)

    ----------------------------------------------------------------------

      Code (inc. data)   RO Data    RW Data    ZI Data      Debug   Library Name

       126         16          0          0          0        136   mc_w.l

    ----------------------------------------------------------------------
       128         16          0          0          0        136   Library Totals

    ----------------------------------------------------------------------

==============================================================================


      Code (inc. data)   RO Data    RW Data    ZI Data      Debug   

      7292        520       8172         64       2152     317318   Grand Totals
      7292        520       8172         64       2152     317318   ELF Image Totals
      7292        520       8172         64          0          0   ROM Totals

==============================================================================

    Total RO  Size (Code + RO Data)                15464 (  15.10kB)
    Total RW  Size (RW Data + ZI Data)              2216 (   2.16kB)
    Total ROM Size (Code + RO Data + RW Data)      15528 (  15.16kB)

==============================================================================

